Archive member included to satisfy reference by file (symbol)

c:/st/stm32cubeide_1.12.0/stm32cubeide/plugins/com.st.stm32cube.ide.mcu.externaltools.gnu-tools-for-stm32.10.3-2021.10.win32_1.0.200.202301161003/tools/bin/../lib/gcc/arm-none-eabi/10.3.1/../../../../arm-none-eabi/lib/thumb/v7e-m+fp/hard\libc_nano.a(lib_a-errno.o)
                              ./Core/Src/syscalls.o (__errno)
c:/st/stm32cubeide_1.12.0/stm32cubeide/plugins/com.st.stm32cube.ide.mcu.externaltools.gnu-tools-for-stm32.10.3-2021.10.win32_1.0.200.202301161003/tools/bin/../lib/gcc/arm-none-eabi/10.3.1/../../../../arm-none-eabi/lib/thumb/v7e-m+fp/hard\libc_nano.a(lib_a-exit.o)
                              c:/st/stm32cubeide_1.12.0/stm32cubeide/plugins/com.st.stm32cube.ide.mcu.externaltools.gnu-tools-for-stm32.10.3-2021.10.win32_1.0.200.202301161003/tools/bin/../lib/gcc/arm-none-eabi/10.3.1/../../../../arm-none-eabi/lib/thumb/v7e-m+fp/hard/crt0.o (exit)
c:/st/stm32cubeide_1.12.0/stm32cubeide/plugins/com.st.stm32cube.ide.mcu.externaltools.gnu-tools-for-stm32.10.3-2021.10.win32_1.0.200.202301161003/tools/bin/../lib/gcc/arm-none-eabi/10.3.1/../../../../arm-none-eabi/lib/thumb/v7e-m+fp/hard\libc_nano.a(lib_a-impure.o)
                              c:/st/stm32cubeide_1.12.0/stm32cubeide/plugins/com.st.stm32cube.ide.mcu.externaltools.gnu-tools-for-stm32.10.3-2021.10.win32_1.0.200.202301161003/tools/bin/../lib/gcc/arm-none-eabi/10.3.1/../../../../arm-none-eabi/lib/thumb/v7e-m+fp/hard\libc_nano.a(lib_a-exit.o) (_global_impure_ptr)
c:/st/stm32cubeide_1.12.0/stm32cubeide/plugins/com.st.stm32cube.ide.mcu.externaltools.gnu-tools-for-stm32.10.3-2021.10.win32_1.0.200.202301161003/tools/bin/../lib/gcc/arm-none-eabi/10.3.1/../../../../arm-none-eabi/lib/thumb/v7e-m+fp/hard\libc_nano.a(lib_a-init.o)
                              c:/st/stm32cubeide_1.12.0/stm32cubeide/plugins/com.st.stm32cube.ide.mcu.externaltools.gnu-tools-for-stm32.10.3-2021.10.win32_1.0.200.202301161003/tools/bin/../lib/gcc/arm-none-eabi/10.3.1/../../../../arm-none-eabi/lib/thumb/v7e-m+fp/hard/crt0.o (__libc_init_array)
c:/st/stm32cubeide_1.12.0/stm32cubeide/plugins/com.st.stm32cube.ide.mcu.externaltools.gnu-tools-for-stm32.10.3-2021.10.win32_1.0.200.202301161003/tools/bin/../lib/gcc/arm-none-eabi/10.3.1/../../../../arm-none-eabi/lib/thumb/v7e-m+fp/hard\libc_nano.a(lib_a-memcpy-stub.o)
                              ./Core/Src/ModBusRTU.o (memcpy)
c:/st/stm32cubeide_1.12.0/stm32cubeide/plugins/com.st.stm32cube.ide.mcu.externaltools.gnu-tools-for-stm32.10.3-2021.10.win32_1.0.200.202301161003/tools/bin/../lib/gcc/arm-none-eabi/10.3.1/../../../../arm-none-eabi/lib/thumb/v7e-m+fp/hard\libc_nano.a(lib_a-memset.o)
                              c:/st/stm32cubeide_1.12.0/stm32cubeide/plugins/com.st.stm32cube.ide.mcu.externaltools.gnu-tools-for-stm32.10.3-2021.10.win32_1.0.200.202301161003/tools/bin/../lib/gcc/arm-none-eabi/10.3.1/../../../../arm-none-eabi/lib/thumb/v7e-m+fp/hard/crt0.o (memset)
c:/st/stm32cubeide_1.12.0/stm32cubeide/plugins/com.st.stm32cube.ide.mcu.externaltools.gnu-tools-for-stm32.10.3-2021.10.win32_1.0.200.202301161003/tools/bin/../lib/gcc/arm-none-eabi/10.3.1/../../../../arm-none-eabi/lib/thumb/v7e-m+fp/hard\libm.a(lib_a-sf_cos.o)
                              ./Core/Src/main.o (cosf)
c:/st/stm32cubeide_1.12.0/stm32cubeide/plugins/com.st.stm32cube.ide.mcu.externaltools.gnu-tools-for-stm32.10.3-2021.10.win32_1.0.200.202301161003/tools/bin/../lib/gcc/arm-none-eabi/10.3.1/../../../../arm-none-eabi/lib/thumb/v7e-m+fp/hard\libm.a(lib_a-sf_sin.o)
                              ./Core/Src/main.o (sinf)
c:/st/stm32cubeide_1.12.0/stm32cubeide/plugins/com.st.stm32cube.ide.mcu.externaltools.gnu-tools-for-stm32.10.3-2021.10.win32_1.0.200.202301161003/tools/bin/../lib/gcc/arm-none-eabi/10.3.1/../../../../arm-none-eabi/lib/thumb/v7e-m+fp/hard\libm.a(lib_a-w_acos.o)
                              ./Core/Src/main.o (acos)
c:/st/stm32cubeide_1.12.0/stm32cubeide/plugins/com.st.stm32cube.ide.mcu.externaltools.gnu-tools-for-stm32.10.3-2021.10.win32_1.0.200.202301161003/tools/bin/../lib/gcc/arm-none-eabi/10.3.1/../../../../arm-none-eabi/lib/thumb/v7e-m+fp/hard\libm.a(lib_a-w_pow.o)
                              ./Core/Src/main.o (pow)
c:/st/stm32cubeide_1.12.0/stm32cubeide/plugins/com.st.stm32cube.ide.mcu.externaltools.gnu-tools-for-stm32.10.3-2021.10.win32_1.0.200.202301161003/tools/bin/../lib/gcc/arm-none-eabi/10.3.1/../../../../arm-none-eabi/lib/thumb/v7e-m+fp/hard\libm.a(lib_a-e_acos.o)
                              c:/st/stm32cubeide_1.12.0/stm32cubeide/plugins/com.st.stm32cube.ide.mcu.externaltools.gnu-tools-for-stm32.10.3-2021.10.win32_1.0.200.202301161003/tools/bin/../lib/gcc/arm-none-eabi/10.3.1/../../../../arm-none-eabi/lib/thumb/v7e-m+fp/hard\libm.a(lib_a-w_acos.o) (__ieee754_acos)
[...]
Memory Configuration

Name             Origin             Length             Attributes
RAM              0x0000000020000000 0x0000000000020000 xrw
FLASH            0x0000000008000000 0x0000000000080000 xr
*default*        0x0000000000000000 0xffffffffffffffff

Linker script and memory map

LOAD c:/st/stm32cubeide_1.12.0/stm32cubeide/plugins/com.st.stm32cube.ide.mcu.externaltools.gnu-tools-for-stm32.10.3-2021.10.win32_1.0.200.202301161003/tools/bin/../lib/gcc/arm-none-eabi/10.3.1/thumb/v7e-m+fp/hard/crti.o
LOAD c:/st/stm32cubeide_1.12.0/stm32cubeide/plugins/com.st.stm32cube.ide.mcu.externaltools.gnu-tools-for-stm32.10.3-2021.10.win32_1.0.200.202301161003/tools/bin/../lib/gcc/arm-none-eabi/10.3.1/thumb/v7e-m+fp/hard/crtbegin.o
LOAD c:/st/stm32cubeide_1.12.0/stm32cubeide/plugins/com.st.stm32cube.ide.mcu.externaltools.gnu-tools-for-stm32.10.3-2021.10.win32_1.0.200.202301161003/tools/bin/../lib/gcc/arm-none-eabi/10.3.1/../../../../arm-none-eabi/lib/thumb/v7e-m+fp/hard/crt0.o
LOAD ./Core/Src/ModBusRTU.o
LOAD ./Core/Src/main.o
LOAD ./Core/Src/stm32f4xx_hal_msp.o
LOAD ./Core/Src/stm32f4xx_it.o
LOAD ./Core/Src/syscalls.o
LOAD ./Core/Src/sysmem.o
LOAD ./Core/Src/system_stm32f4xx.o
LOAD ./Core/Startup/startup_stm32f411retx.o
LOAD ./Drivers/STM32F4xx_HAL_Driver/Src/stm32f4xx_hal.o
LOAD ./Drivers/STM32F4xx_HAL_Driver/Src/stm32f4xx_hal_adc.o
LOAD ./Drivers/STM32F4xx_HAL_Driver/Src/stm32f4xx_hal_adc_ex.o
LOAD ./Drivers/STM32F4xx_HAL_Driver/Src/stm32f4xx_hal_cortex.o
LOAD ./Drivers/STM32F4xx_HAL_Driver/Src/stm32f4xx_hal_dma.o
LOAD ./Drivers/STM32F4xx_HAL_Driver/Src/stm32f4xx_hal_dma_ex.o
LOAD ./Drivers/STM32F4xx_HAL_Driver/Src/stm32f4xx_hal_exti.o
LOAD ./Drivers/STM32F4xx_HAL_Driver/Src/stm32f4xx_hal_flash.o
LOAD ./Drivers/STM32F4xx_HAL_Driver/Src/stm32f4xx_hal_flash_ex.o
LOAD ./Drivers/STM32F4xx_HAL_Driver/Src/stm32f4xx_hal_flash_ramfunc.o
LOAD ./Drivers/STM32F4xx_HAL_Driver/Src/stm32f4xx_hal_gpio.o
LOAD ./Drivers/STM32F4xx_HAL_Driver/Src/stm32f4xx_hal_i2c.o
LOAD ./Drivers/STM32F4xx_HAL_Driver/Src/stm32f4xx_hal_i2c_ex.o
LOAD ./Drivers/STM32F4xx_HAL_Driver/Src/stm32f4xx_hal_pwr.o
LOAD ./Drivers/STM32F4xx_HAL_Driver/Src/stm32f4xx_hal_pwr_ex.o
LOAD ./Drivers/STM32F4xx_HAL_Driver/Src/stm32f4xx_hal_rcc.o
LOAD ./Drivers/STM32F4xx_HAL_Driver/Src/stm32f4xx_hal_rcc_ex.o
LOAD ./Drivers/STM32F4xx_HAL_Driver/Src/stm32f4xx_hal_tim.o
LOAD ./Drivers/STM32F4xx_HAL_Driver/Src/stm32f4xx_hal_tim_ex.o
LOAD ./Drivers/STM32F4xx_HAL_Driver/Src/stm32f4xx_hal_uart.o
LOAD ./Drivers/STM32F4xx_HAL_Driver/Src/stm32f4xx_ll_adc.o
START GROUP
LOAD c:/st/stm32cubeide_1.12.0/stm32cubeide/plugins/com.st.stm32cube.ide.mcu.externaltools.gnu-tools-for-stm32.10.3-2021.10.win32_1.0.200.202301161003/tools/bin/../lib/gcc/arm-none-eabi/10.3.1/../../../../arm-none-eabi/lib/thumb/v7e-m+fp/hard\libc_nano.a
LOAD c:/st/stm32cubeide_1.12.0/stm32cubeide/plugins/com.st.stm32cube.ide.mcu.externaltools.gnu-tools-for-stm32.10.3-2021.10.win32_1.0.200.202301161003/tools/bin/../lib/gcc/arm-none-eabi/10.3.1/../../../../arm-none-eabi/lib/thumb/v7e-m+fp/hard\libm.a
END GROUP
START GROUP
LOAD c:/st/stm32cubeide_1.12.0/stm32cubeide/plugins/com.st.stm32cube.ide.mcu.externaltools.gnu-tools-for-stm32.10.3-2021.10.win32_1.0.200.202301161003/tools/bin/../lib/gcc/arm-none-eabi/10.3.1/thumb/v7e-m+fp/hard\libgcc.a
LOAD c:/st/stm32cubeide_1.12.0/stm32cubeide/plugins/com.st.stm32cube.ide.mcu.externaltools.gnu-tools-for-stm32.10.3-2021.10.win32_1.0.200.202301161003/tools/bin/../lib/gcc/arm-none-eabi/10.3.1/../../../../arm-none-eabi/lib/thumb/v7e-m+fp/hard\libc_nano.a
END GROUP
START GROUP
LOAD c:/st/stm32cubeide_1.12.0/stm32cubeide/plugins/com.st.stm32cube.ide.mcu.externaltools.gnu-tools-for-stm32.10.3-2021.10.win32_1.0.200.202301161003/tools/bin/../lib/gcc/arm-none-eabi/10.3.1/thumb/v7e-m+fp/hard\libgcc.a
LOAD c:/st/stm32cubeide_1.12.0/stm32cubeide/plugins/com.st.stm32cube.ide.mcu.externaltools.gnu-tools-for-stm32.10.3-2021.10.win32_1.0.200.202301161003/tools/bin/../lib/gcc/arm-none-eabi/10.3.1/../../../../arm-none-eabi/lib/thumb/v7e-m+fp/hard\libc_nano.a
LOAD c:/st/stm32cubeide_1.12.0/stm32cubeide/plugins/com.st.stm32cube.ide.mcu.externaltools.gnu-tools-for-stm32.10.3-2021.10.win32_1.0.200.202301161003/tools/bin/../lib/gcc/arm-none-eabi/10.3.1/../../../../arm-none-eabi/lib/thumb/v7e-m+fp/hard\libnosys.a
END GROUP
START GROUP
LOAD c:/st/stm32cubeide_1.12.0/stm32cubeide/plugins/com.st.stm32cube.ide.mcu.externaltools.gnu-tools-for-stm32.10.3-2021.10.win32_1.0.200.202301161003/tools/bin/../lib/gcc/arm-none-eabi/10.3.1/thumb/v7e-m+fp/hard\libgcc.a
LOAD c:/st/stm32cubeide_1.12.0/stm32cubeide/plugins/com.st.stm32cube.ide.mcu.externaltools.gnu-tools-for-stm32.10.3-2021.10.win32_1.0.200.202301161003/tools/bin/../lib/gcc/arm-none-eabi/10.3.1/../../../../arm-none-eabi/lib/thumb/v7e-m+fp/hard\libc_nano.a
LOAD c:/st/stm32cubeide_1.12.0/stm32cubeide/plugins/com.st.stm32cube.ide.mcu.externaltools.gnu-tools-for-stm32.10.3-2021.10.win32_1.0.200.202301161003/tools/bin/../lib/gcc/arm-none-eabi/10.3.1/../../../../arm-none-eabi/lib/thumb/v7e-m+fp/hard\libnosys.a
END GROUP
LOAD c:/st/stm32cubeide_1.12.0/stm32cubeide/plugins/com.st.stm32cube.ide.mcu.externaltools.gnu-tools-for-stm32.10.3-2021.10.win32_1.0.200.202301161003/tools/bin/../lib/gcc/arm-none-eabi/10.3.1/thumb/v7e-m+fp/hard/crtend.o
LOAD c:/st/stm32cubeide_1.12.0/stm32cubeide/plugins/com.st.stm32cube.ide.mcu.externaltools.gnu-tools-for-stm32.10.3-2021.10.win32_1.0.200.202301161003/tools/bin/../lib/gcc/arm-none-eabi/10.3.1/thumb/v7e-m+fp/hard/crtn.o
                0x0000000020020000                _estack = (ORIGIN (RAM) + LENGTH (RAM))
                0x0000000000000200                _Min_Heap_Size = 0x200
                0x0000000000000400                _Min_Stack_Size = 0x400

.isr_vector     0x0000000008000000      0x198
                0x0000000008000000                . = ALIGN (0x4)
 *(.isr_vector)
 .isr_vector    0x0000000008000000      0x198 ./Core/Startup/startup_stm32f411retx.o
                0x0000000008000000                g_pfnVectors
                0x0000000008000198                . = ALIGN (0x4)

.text           0x0000000008000198     0xdc64
                0x0000000008000198                . = ALIGN (0x4)
 *(.text)
 .text          0x0000000008000198       0x40 c:/st/stm32cubeide_1.12.0/stm32cubeide/plugins/com.st.stm32cube.ide.mcu.externaltools.gnu-tools-for-stm32.10.3-2021.10.win32_1.0.200.202301161003/tools/bin/../lib/gcc/arm-none-eabi/10.3.1/thumb/v7e-m+fp/hard/crtbegin.o
 .text          0x00000000080001d8      0x378 c:/st/stm32cubeide_1.12.0/stm32cubeide/plugins/com.st.stm32cube.ide.mcu.externaltools.gnu-tools-for-stm32.10.3-2021.10.win32_1.0.200.202301161003/tools/bin/../lib/gcc/arm-none-eabi/10.3.1/thumb/v7e-m+fp/hard\libgcc.a(_arm_addsubdf3.o)
                0x00000000080001d8                __aeabi_drsub
                0x00000000080001e0                __aeabi_dsub
                0x00000000080001e0                __subdf3
                0x00000000080001e4                __aeabi_dadd
                0x00000000080001e4                __adddf3
                0x000000000800045c                __floatunsidf
                0x000000000800045c                __aeabi_ui2d
                0x000000000800047c                __floatsidf
                0x000000000800047c                __aeabi_i2d
                0x00000000080004a0                __aeabi_f2d
                0x00000000080004a0                __extendsfdf2
                0x00000000080004e4                __floatundidf
                0x00000000080004e4                __aeabi_ul2d
                0x00000000080004f4                __floatdidf
                0x00000000080004f4                __aeabi_l2d
 .text          0x0000000008000550      0x424 c:/st/stm32cubeide_1.12.0/stm32cubeide/plugins/com.st.stm32cube.ide.mcu.externaltools.gnu-tools-for-stm32.10.3-2021.10.win32_1.0.200.202301161003/tools/bin/../lib/gcc/arm-none-eabi/10.3.1/thumb/v7e-m+fp/hard\libgcc.a(_arm_muldivdf3.o)
                0x0000000008000550                __aeabi_dmul
                0x0000000008000550                __muldf3
                0x00000000080007a4                __divdf3
                0x00000000080007a4                __aeabi_ddiv
 .text          0x0000000008000974      0x110 c:/st/stm32cubeide_1.12.0/stm32cubeide/plugins/com.st.stm32cube.ide.mcu.externaltools.gnu-tools-for-stm32.10.3-2021.10.win32_1.0.200.202301161003/tools/bin/../lib/gcc/arm-none-eabi/10.3.1/thumb/v7e-m+fp/hard\libgcc.a(_arm_cmpdf2.o)
                0x0000000008000974                __gtdf2
                0x0000000008000974                __gedf2
                0x000000000800097c                __ltdf2
                0x000000000800097c                __ledf2
                0x0000000008000984                __nedf2
                0x0000000008000984                __eqdf2
                0x0000000008000984                __cmpdf2
                0x0000000008000a00                __aeabi_cdrcmple
                0x0000000008000a10                __aeabi_cdcmpeq
                0x0000000008000a10                __aeabi_cdcmple
                0x0000000008000a20                __aeabi_dcmpeq
                0x0000000008000a34                __aeabi_dcmplt
                0x0000000008000a48                __aeabi_dcmple
                0x0000000008000a5c                __aeabi_dcmpge
                0x0000000008000a70                __aeabi_dcmpgt
 .text          0x0000000008000a84       0x2c c:/st/stm32cubeide_1.12.0/stm32cubeide/plugins/com.st.stm32cube.ide.mcu.externaltools.gnu-tools-for-stm32.10.3-2021.10.win32_1.0.200.202301161003/tools/bin/../lib/gcc/arm-none-eabi/10.3.1/thumb/v7e-m+fp/hard\libgcc.a(_arm_unorddf2.o)
                0x0000000008000a84                __unorddf2
                0x0000000008000a84                __aeabi_dcmpun
 .text          0x0000000008000ab0       0x50 c:/st/stm32cubeide_1.12.0/stm32cubeide/plugins/com.st.stm32cube.ide.mcu.externaltools.gnu-tools-for-stm32.10.3-2021.10.win32_1.0.200.202301161003/tools/bin/../lib/gcc/arm-none-eabi/10.3.1/thumb/v7e-m+fp/hard\libgcc.a(_arm_fixdfsi.o)
                0x0000000008000ab0                __aeabi_d2iz
                0x0000000008000ab0                __fixdfsi
 .text          0x0000000008000b00       0xa0 c:/st/stm32cubeide_1.12.0/stm32cubeide/plugins/com.st.stm32cube.ide.mcu.externaltools.gnu-tools-for-stm32.10.3-2021.10.win32_1.0.200.202301161003/tools/bin/../lib/gcc/arm-none-eabi/10.3.1/thumb/v7e-m+fp/hard\libgcc.a(_arm_truncdfsf2.o)
                0x0000000008000b00                __truncdfsf2
                0x0000000008000b00                __aeabi_d2f
 .text          0x0000000008000ba0       0x30 c:/st/stm32cubeide_1.12.0/stm32cubeide/plugins/com.st.stm32cube.ide.mcu.externaltools.gnu-tools-for-stm32.10.3-2021.10.win32_1.0.200.202301161003/tools/bin/../lib/gcc/arm-none-eabi/10.3.1/thumb/v7e-m+fp/hard\libgcc.a(_aeabi_uldivmod.o)
                0x0000000008000ba0                __aeabi_uldivmod
 .text          0x0000000008000bd0      0x2d0 c:/st/stm32cubeide_1.12.0/stm32cubeide/plugins/com.st.stm32cube.ide.mcu.externaltools.gnu-tools-for-stm32.10.3-2021.10.win32_1.0.200.202301161003/tools/bin/../lib/gcc/arm-none-eabi/10.3.1/thumb/v7e-m+fp/hard\libgcc.a(_udivmoddi4.o)
                0x0000000008000bd0                __udivmoddi4
 .text          0x0000000008000ea0        0x4 c:/st/stm32cubeide_1.12.0/stm32cubeide/plugins/com.st.stm32cube.ide.mcu.externaltools.gnu-tools-for-stm32.10.3-2021.10.win32_1.0.200.202301161003/tools/bin/../lib/gcc/arm-none-eabi/10.3.1/thumb/v7e-m+fp/hard\libgcc.a(_dvmd_tls.o)
                0x0000000008000ea0                __aeabi_idiv0
                0x0000000008000ea0                __aeabi_ldiv0
 *(.text*)
 .text.modbus_1t5_Timeout
                0x0000000008000ea4       0x20 ./Core/Src/ModBusRTU.o
                0x0000000008000ea4                modbus_1t5_Timeout
 .text.modbus_3t5_Timeout
                0x0000000008000ec4       0x20 ./Core/Src/ModBusRTU.o
                0x0000000008000ec4                modbus_3t5_Timeout
 .text.modbus_UART_Recived
                0x0000000008000ee4       0x64 ./Core/Src/ModBusRTU.o
                0x0000000008000ee4                modbus_UART_Recived
 .text.Modbus_init
                0x0000000008000f48       0xac ./Core/Src/ModBusRTU.o
                0x0000000008000f48                Modbus_init
 .text.CRC16    0x0000000008000ff4       0x6c ./Core/Src/ModBusRTU.o
                0x0000000008000ff4                CRC16
 .text.Modbus_Protocal_Worker
                0x0000000008001060      0x210 ./Core/Src/ModBusRTU.o
                0x0000000008001060                Modbus_Protocal_Worker
 .text.modbusWrite1Register
                0x0000000008001270       0x84 ./Core/Src/ModBusRTU.o
                0x0000000008001270                modbusWrite1Register
 .text.modbusRead1Register
                0x00000000080012f4       0xf4 ./Core/Src/ModBusRTU.o
                0x00000000080012f4                modbusRead1Register
 .text.ModbusErrorReply
                0x00000000080013e8       0x44 ./Core/Src/ModBusRTU.o
                0x00000000080013e8                ModbusErrorReply
 .text.Modbus_frame_response
                0x000000000800142c       0x30 ./Core/Src/ModBusRTU.o
                0x000000000800142c                Modbus_frame_response
 .text.Modbus_Emission
                0x000000000800145c      0x100 ./Core/Src/ModBusRTU.o
                0x000000000800145c                Modbus_Emission
 .text.main     0x000000000800155c      0x1d4 ./Core/Src/main.o
                0x000000000800155c                main
 .text.SystemClock_Config
                0x0000000008001730       0xd0 ./Core/Src/main.o
                0x0000000008001730                SystemClock_Config
 .text.MX_ADC1_Init
                0x0000000008001800       0xc0 ./Core/Src/main.o
 .text.MX_I2C2_Init
                0x00000000080018c0       0x5c ./Core/Src/main.o
 .text.MX_TIM1_Init
                0x000000000800191c      0x108 ./Core/Src/main.o
 .text.MX_TIM2_Init
                0x0000000008001a24       0x98 ./Core/Src/main.o
 .text.MX_TIM3_Init
                0x0000000008001abc       0x9c ./Core/Src/main.o
 .text.MX_TIM5_Init
                0x0000000008001b58       0xa8 ./Core/Src/main.o
 .text.MX_TIM11_Init
                0x0000000008001c00       0xa8 ./Core/Src/main.o
 .text.MX_USART2_UART_Init
                0x0000000008001ca8       0x58 ./Core/Src/main.o
 .text.MX_DMA_Init
                0x0000000008001d00       0x6c ./Core/Src/main.o
 .text.MX_GPIO_Init
                0x0000000008001d6c      0x1b4 ./Core/Src/main.o
 .text.HAL_TIM_PeriodElapsedCallback
                0x0000000008001f20       0xf4 ./Core/Src/main.o
                0x0000000008001f20                HAL_TIM_PeriodElapsedCallback
 *fill*         0x0000000008002014        0x4 
 .text.runTrayMode
                0x0000000008002018      0x1d8 ./Core/Src/main.o
                0x0000000008002018                runTrayMode
 .text.endEffectorPick
                0x00000000080021f0       0xc4 ./Core/Src/main.o
                0x00000000080021f0                endEffectorPick
 .text.endEffectorPlace
                0x00000000080022b4       0xf0 ./Core/Src/main.o
                0x00000000080022b4                endEffectorPlace
 .text.setMotor
                0x00000000080023a4       0x4c ./Core/Src/main.o
                0x00000000080023a4                setMotor
 .text.readEncoder
                0x00000000080023f0       0x38 ./Core/Src/main.o
                0x00000000080023f0                readEncoder
 .text.setHome  0x0000000008002428       0xd8 ./Core/Src/main.o
                0x0000000008002428                setHome
 .text.onlyPositionControl
                0x0000000008002500      0x2cc ./Core/Src/main.o
                0x0000000008002500                onlyPositionControl
 .text.jogAxisY
                0x00000000080027cc      0x114 ./Core/Src/main.o
                0x00000000080027cc                jogAxisY
 .text.photoDetect
                0x00000000080028e0       0x44 ./Core/Src/main.o
                0x00000000080028e0                photoDetect
 *fill*         0x0000000008002924        0x4 
 .text.trapezoidalTraj
                0x0000000008002928      0x804 ./Core/Src/main.o
                0x0000000008002928                trapezoidalTraj
 *fill*         0x000000000800312c        0x4 
 .text.calibrateTray
                0x0000000008003130      0x3e0 ./Core/Src/main.o
                0x0000000008003130                calibrateTray
 .text.rotatePoint
                0x0000000008003510       0xcc ./Core/Src/main.o
                0x0000000008003510                rotatePoint
 .text.buttonInput
                0x00000000080035dc       0xd4 ./Core/Src/main.o
                0x00000000080035dc                buttonInput
 .text.buttonLogic
                0x00000000080036b0      0x2a4 ./Core/Src/main.o
                0x00000000080036b0                buttonLogic
 .text.joyDisplayLED
                0x0000000008003954       0x90 ./Core/Src/main.o
                0x0000000008003954                joyDisplayLED
 *fill*         0x00000000080039e4        0x4 
 .text.robotArmState
                0x00000000080039e8      0x1b4 ./Core/Src/main.o
                0x00000000080039e8                robotArmState
 .text.jogAxisX
                0x0000000008003b9c       0x88 ./Core/Src/main.o
                0x0000000008003b9c                jogAxisX
 .text.handleEmergency
                0x0000000008003c24       0x34 ./Core/Src/main.o
                0x0000000008003c24                handleEmergency
 .text.pilotLamp
                0x0000000008003c58       0x38 ./Core/Src/main.o
                0x0000000008003c58                pilotLamp
 .text.endEffectorControl
                0x0000000008003c90      0x180 ./Core/Src/main.o
                0x0000000008003c90                endEffectorControl
 .text.endEffectorStatusControl
                0x0000000008003e10       0xcc ./Core/Src/main.o
                0x0000000008003e10                endEffectorStatusControl
 .text.Error_Handler
                0x0000000008003edc        0xa ./Core/Src/main.o
                0x0000000008003edc                Error_Handler
 *fill*         0x0000000008003ee6        0x2 
 .text.HAL_MspInit
                0x0000000008003ee8       0x50 ./Core/Src/stm32f4xx_hal_msp.o
                0x0000000008003ee8                HAL_MspInit
 .text.HAL_ADC_MspInit
                0x0000000008003f38       0xf0 ./Core/Src/stm32f4xx_hal_msp.o
                0x0000000008003f38                HAL_ADC_MspInit
 .text.HAL_I2C_MspInit
                0x0000000008004028       0xd0 ./Core/Src/stm32f4xx_hal_msp.o
                0x0000000008004028                HAL_I2C_MspInit
 .text.HAL_TIM_PWM_MspInit
                0x00000000080040f8       0x50 ./Core/Src/stm32f4xx_hal_msp.o
                0x00000000080040f8                HAL_TIM_PWM_MspInit
 .text.HAL_TIM_Base_MspInit
                0x0000000008004148       0xc4 ./Core/Src/stm32f4xx_hal_msp.o
                0x0000000008004148                HAL_TIM_Base_MspInit
 .text.HAL_TIM_Encoder_MspInit
                0x000000000800420c       0x90 ./Core/Src/stm32f4xx_hal_msp.o
                0x000000000800420c                HAL_TIM_Encoder_MspInit
 .text.HAL_TIM_MspPostInit
                0x000000000800429c       0x74 ./Core/Src/stm32f4xx_hal_msp.o
                0x000000000800429c                HAL_TIM_MspPostInit
 .text.HAL_UART_MspInit
                0x0000000008004310      0x104 ./Core/Src/stm32f4xx_hal_msp.o
                0x0000000008004310                HAL_UART_MspInit
 .text.NMI_Handler
                0x0000000008004414        0x6 ./Core/Src/stm32f4xx_it.o
                0x0000000008004414                NMI_Handler
 .text.HardFault_Handler
                0x000000000800441a        0x6 ./Core/Src/stm32f4xx_it.o
                0x000000000800441a                HardFault_Handler
 .text.MemManage_Handler
                0x0000000008004420        0x6 ./Core/Src/stm32f4xx_it.o
                0x0000000008004420                MemManage_Handler
 .text.BusFault_Handler
                0x0000000008004426        0x6 ./Core/Src/stm32f4xx_it.o
                0x0000000008004426                BusFault_Handler
 .text.UsageFault_Handler
                0x000000000800442c        0x6 ./Core/Src/stm32f4xx_it.o
                0x000000000800442c                UsageFault_Handler
 .text.SVC_Handler
                0x0000000008004432        0xe ./Core/Src/stm32f4xx_it.o
                0x0000000008004432                SVC_Handler
 .text.DebugMon_Handler
                0x0000000008004440        0xe ./Core/Src/stm32f4xx_it.o
                0x0000000008004440                DebugMon_Handler
 .text.PendSV_Handler
                0x000000000800444e        0xe ./Core/Src/stm32f4xx_it.o
                0x000000000800444e                PendSV_Handler
 .text.SysTick_Handler
                0x000000000800445c        0xc ./Core/Src/stm32f4xx_it.o
                0x000000000800445c                SysTick_Handler
 .text.DMA1_Stream6_IRQHandler
                0x0000000008004468       0x14 ./Core/Src/stm32f4xx_it.o
                0x0000000008004468                DMA1_Stream6_IRQHandler
 .text.TIM1_TRG_COM_TIM11_IRQHandler
                0x000000000800447c       0x1c ./Core/Src/stm32f4xx_it.o
                0x000000000800447c                TIM1_TRG_COM_TIM11_IRQHandler
 .text.TIM2_IRQHandler
                0x0000000008004498       0x14 ./Core/Src/stm32f4xx_it.o
                0x0000000008004498                TIM2_IRQHandler
 .text.TIM3_IRQHandler
                0x00000000080044ac       0x14 ./Core/Src/stm32f4xx_it.o
                0x00000000080044ac                TIM3_IRQHandler
 .text.I2C2_EV_IRQHandler
                0x00000000080044c0       0x14 ./Core/Src/stm32f4xx_it.o
                0x00000000080044c0                I2C2_EV_IRQHandler
 .text.I2C2_ER_IRQHandler
                0x00000000080044d4       0x14 ./Core/Src/stm32f4xx_it.o
                0x00000000080044d4                I2C2_ER_IRQHandler
 .text.USART2_IRQHandler
                0x00000000080044e8       0x14 ./Core/Src/stm32f4xx_it.o
                0x00000000080044e8                USART2_IRQHandler
 .text.DMA2_Stream0_IRQHandler
                0x00000000080044fc       0x14 ./Core/Src/stm32f4xx_it.o
                0x00000000080044fc                DMA2_Stream0_IRQHandler
 .text.SystemInit
                0x0000000008004510       0x24 ./Core/Src/system_stm32f4xx.o
                0x0000000008004510                SystemInit
 .text.Reset_Handler
                0x0000000008004534       0x50 ./Core/Startup/startup_stm32f411retx.o
                0x0000000008004534                Reset_Handler
 .text.Default_Handler
                0x0000000008004584        0x2 ./Core/Startup/startup_stm32f411retx.o
                0x0000000008004584                RTC_Alarm_IRQHandler
                0x0000000008004584                EXTI2_IRQHandler
                0x0000000008004584                SPI4_IRQHandler
                0x0000000008004584                TIM1_CC_IRQHandler
                0x0000000008004584                DMA2_Stream5_IRQHandler
                0x0000000008004584                DMA1_Stream5_IRQHandler
                0x0000000008004584                PVD_IRQHandler
                0x0000000008004584                SDIO_IRQHandler
                0x0000000008004584                TAMP_STAMP_IRQHandler
                0x0000000008004584                EXTI3_IRQHandler
                0x0000000008004584                TIM1_UP_TIM10_IRQHandler
                0x0000000008004584                I2C3_ER_IRQHandler
                0x0000000008004584                EXTI0_IRQHandler
                0x0000000008004584                DMA1_Stream2_IRQHandler
                0x0000000008004584                FPU_IRQHandler
                0x0000000008004584                DMA2_Stream2_IRQHandler
                0x0000000008004584                SPI1_IRQHandler
                0x0000000008004584                TIM1_BRK_TIM9_IRQHandler
                0x0000000008004584                DMA2_Stream3_IRQHandler
                0x0000000008004584                USART6_IRQHandler
                0x0000000008004584                TIM4_IRQHandler
                0x0000000008004584                I2C1_EV_IRQHandler
                0x0000000008004584                DMA1_Stream1_IRQHandler
                0x0000000008004584                RCC_IRQHandler
                0x0000000008004584                Default_Handler
                0x0000000008004584                EXTI15_10_IRQHandler
                0x0000000008004584                ADC_IRQHandler
                0x0000000008004584                DMA1_Stream7_IRQHandler
                0x0000000008004584                SPI5_IRQHandler
                0x0000000008004584                TIM5_IRQHandler
                0x0000000008004584                DMA2_Stream7_IRQHandler
                0x0000000008004584                I2C3_EV_IRQHandler
                0x0000000008004584                EXTI9_5_IRQHandler
                0x0000000008004584                RTC_WKUP_IRQHandler
                0x0000000008004584                SPI2_IRQHandler
                0x0000000008004584                DMA1_Stream0_IRQHandler
                0x0000000008004584                EXTI4_IRQHandler
                0x0000000008004584                WWDG_IRQHandler
                0x0000000008004584                OTG_FS_WKUP_IRQHandler
                0x0000000008004584                EXTI1_IRQHandler
                0x0000000008004584                DMA2_Stream1_IRQHandler
                0x0000000008004584                FLASH_IRQHandler
                0x0000000008004584                DMA2_Stream4_IRQHandler
                0x0000000008004584                USART1_IRQHandler
                0x0000000008004584                OTG_FS_IRQHandler
                0x0000000008004584                SPI3_IRQHandler
                0x0000000008004584                DMA1_Stream4_IRQHandler
                0x0000000008004584                I2C1_ER_IRQHandler
                0x0000000008004584                DMA2_Stream6_IRQHandler
                0x0000000008004584                DMA1_Stream3_IRQHandler
 *fill*         0x0000000008004586        0x2 
 .text.HAL_Init
                0x0000000008004588       0x44 ./Drivers/STM32F4xx_HAL_Driver/Src/stm32f4xx_hal.o
                0x0000000008004588                HAL_Init
 .text.HAL_InitTick
                0x00000000080045cc       0x60 ./Drivers/STM32F4xx_HAL_Driver/Src/stm32f4xx_hal.o
                0x00000000080045cc                HAL_InitTick
 .text.HAL_IncTick
                0x000000000800462c       0x28 ./Drivers/STM32F4xx_HAL_Driver/Src/stm32f4xx_hal.o
                0x000000000800462c                HAL_IncTick
 .text.HAL_GetTick
                0x0000000008004654       0x18 ./Drivers/STM32F4xx_HAL_Driver/Src/stm32f4xx_hal.o
                0x0000000008004654                HAL_GetTick
 .text.HAL_Delay
                0x000000000800466c       0x48 ./Drivers/STM32F4xx_HAL_Driver/Src/stm32f4xx_hal.o
                0x000000000800466c                HAL_Delay
 .text.HAL_ADC_Init
                0x00000000080046b4       0x86 ./Drivers/STM32F4xx_HAL_Driver/Src/stm32f4xx_hal_adc.o
                0x00000000080046b4                HAL_ADC_Init
 *fill*         0x000000000800473a        0x2 
 .text.HAL_ADC_Start_DMA
                0x000000000800473c      0x1e0 ./Drivers/STM32F4xx_HAL_Driver/Src/stm32f4xx_hal_adc.o
                0x000000000800473c                HAL_ADC_Start_DMA
 .text.HAL_ADC_ConvCpltCallback
                0x000000000800491c       0x14 ./Drivers/STM32F4xx_HAL_Driver/Src/stm32f4xx_hal_adc.o
                0x000000000800491c                HAL_ADC_ConvCpltCallback
 .text.HAL_ADC_ConvHalfCpltCallback
                0x0000000008004930       0x14 ./Drivers/STM32F4xx_HAL_Driver/Src/stm32f4xx_hal_adc.o
                0x0000000008004930                HAL_ADC_ConvHalfCpltCallback
 .text.HAL_ADC_ErrorCallback
                0x0000000008004944       0x14 ./Drivers/STM32F4xx_HAL_Driver/Src/stm32f4xx_hal_adc.o
                0x0000000008004944                HAL_ADC_ErrorCallback
 .text.HAL_ADC_ConfigChannel
                0x0000000008004958      0x264 ./Drivers/STM32F4xx_HAL_Driver/Src/stm32f4xx_hal_adc.o
                0x0000000008004958                HAL_ADC_ConfigChannel
 .text.ADC_Init
                0x0000000008004bbc      0x1f8 ./Drivers/STM32F4xx_HAL_Driver/Src/stm32f4xx_hal_adc.o
 .text.ADC_DMAConvCplt
                0x0000000008004db4       0xba ./Drivers/STM32F4xx_HAL_Driver/Src/stm32f4xx_hal_adc.o
 .text.ADC_DMAHalfConvCplt
                0x0000000008004e6e       0x1c ./Drivers/STM32F4xx_HAL_Driver/Src/stm32f4xx_hal_adc.o
 .text.ADC_DMAError
                0x0000000008004e8a       0x2e ./Drivers/STM32F4xx_HAL_Driver/Src/stm32f4xx_hal_adc.o
 .text.__NVIC_SetPriorityGrouping
                0x0000000008004eb8       0x48 ./Drivers/STM32F4xx_HAL_Driver/Src/stm32f4xx_hal_cortex.o
 .text.__NVIC_GetPriorityGrouping
                0x0000000008004f00       0x1c ./Drivers/STM32F4xx_HAL_Driver/Src/stm32f4xx_hal_cortex.o
 .text.__NVIC_EnableIRQ
                0x0000000008004f1c       0x3c ./Drivers/STM32F4xx_HAL_Driver/Src/stm32f4xx_hal_cortex.o
 .text.__NVIC_SetPriority
                0x0000000008004f58       0x54 ./Drivers/STM32F4xx_HAL_Driver/Src/stm32f4xx_hal_cortex.o
 .text.NVIC_EncodePriority
                0x0000000008004fac       0x66 ./Drivers/STM32F4xx_HAL_Driver/Src/stm32f4xx_hal_cortex.o
 *fill*         0x0000000008005012        0x2 
 .text.SysTick_Config
                0x0000000008005014       0x44 ./Drivers/STM32F4xx_HAL_Driver/Src/stm32f4xx_hal_cortex.o
 .text.HAL_NVIC_SetPriorityGrouping
                0x0000000008005058       0x16 ./Drivers/STM32F4xx_HAL_Driver/Src/stm32f4xx_hal_cortex.o
                0x0000000008005058                HAL_NVIC_SetPriorityGrouping
 .text.HAL_NVIC_SetPriority
                0x000000000800506e       0x38 ./Drivers/STM32F4xx_HAL_Driver/Src/stm32f4xx_hal_cortex.o
                0x000000000800506e                HAL_NVIC_SetPriority
 .text.HAL_NVIC_EnableIRQ
                0x00000000080050a6       0x1c ./Drivers/STM32F4xx_HAL_Driver/Src/stm32f4xx_hal_cortex.o
                0x00000000080050a6                HAL_NVIC_EnableIRQ
 .text.HAL_SYSTICK_Config
                0x00000000080050c2       0x18 ./Drivers/STM32F4xx_HAL_Driver/Src/stm32f4xx_hal_cortex.o
                0x00000000080050c2                HAL_SYSTICK_Config
 *fill*         0x00000000080050da        0x2 
 .text.HAL_DMA_Init
                0x00000000080050dc      0x15c ./Drivers/STM32F4xx_HAL_Driver/Src/stm32f4xx_hal_dma.o
                0x00000000080050dc                HAL_DMA_Init
 .text.HAL_DMA_Start_IT
                0x0000000008005238       0xb0 ./Drivers/STM32F4xx_HAL_Driver/Src/stm32f4xx_hal_dma.o
                0x0000000008005238                HAL_DMA_Start_IT
 .text.HAL_DMA_Abort
                0x00000000080052e8       0xe0 ./Drivers/STM32F4xx_HAL_Driver/Src/stm32f4xx_hal_dma.o
                0x00000000080052e8                HAL_DMA_Abort
 .text.HAL_DMA_Abort_IT
                0x00000000080053c8       0x44 ./Drivers/STM32F4xx_HAL_Driver/Src/stm32f4xx_hal_dma.o
                0x00000000080053c8                HAL_DMA_Abort_IT
 .text.HAL_DMA_IRQHandler
                0x000000000800540c      0x314 ./Drivers/STM32F4xx_HAL_Driver/Src/stm32f4xx_hal_dma.o
                0x000000000800540c                HAL_DMA_IRQHandler
 .text.HAL_DMA_GetState
                0x0000000008005720       0x1c ./Drivers/STM32F4xx_HAL_Driver/Src/stm32f4xx_hal_dma.o
                0x0000000008005720                HAL_DMA_GetState
 .text.HAL_DMA_GetError
                0x000000000800573c       0x18 ./Drivers/STM32F4xx_HAL_Driver/Src/stm32f4xx_hal_dma.o
                0x000000000800573c                HAL_DMA_GetError
 .text.DMA_SetConfig
                0x0000000008005754       0x5c ./Drivers/STM32F4xx_HAL_Driver/Src/stm32f4xx_hal_dma.o
 .text.DMA_CalcBaseAndBitshift
                0x00000000080057b0       0x6c ./Drivers/STM32F4xx_HAL_Driver/Src/stm32f4xx_hal_dma.o
 .text.DMA_CheckFifoParam
                0x000000000800581c       0xf8 ./Drivers/STM32F4xx_HAL_Driver/Src/stm32f4xx_hal_dma.o
 .text.HAL_GPIO_Init
                0x0000000008005914      0x308 ./Drivers/STM32F4xx_HAL_Driver/Src/stm32f4xx_hal_gpio.o
                0x0000000008005914                HAL_GPIO_Init
 .text.HAL_GPIO_ReadPin
                0x0000000008005c1c       0x30 ./Drivers/STM32F4xx_HAL_Driver/Src/stm32f4xx_hal_gpio.o
                0x0000000008005c1c                HAL_GPIO_ReadPin
 .text.HAL_GPIO_WritePin
                0x0000000008005c4c       0x32 ./Drivers/STM32F4xx_HAL_Driver/Src/stm32f4xx_hal_gpio.o
                0x0000000008005c4c                HAL_GPIO_WritePin
 .text.HAL_GPIO_TogglePin
                0x0000000008005c7e       0x34 ./Drivers/STM32F4xx_HAL_Driver/Src/stm32f4xx_hal_gpio.o
                0x0000000008005c7e                HAL_GPIO_TogglePin
 *fill*         0x0000000008005cb2        0x2 
 .text.HAL_I2C_Init
                0x0000000008005cb4      0x288 ./Drivers/STM32F4xx_HAL_Driver/Src/stm32f4xx_hal_i2c.o
                0x0000000008005cb4                HAL_I2C_Init
 .text.HAL_I2C_Master_Receive
                0x0000000008005f3c      0x44c ./Drivers/STM32F4xx_HAL_Driver/Src/stm32f4xx_hal_i2c.o
                0x0000000008005f3c                HAL_I2C_Master_Receive
 .text.HAL_I2C_Mem_Write
                0x0000000008006388      0x1f4 ./Drivers/STM32F4xx_HAL_Driver/Src/stm32f4xx_hal_i2c.o
                0x0000000008006388                HAL_I2C_Mem_Write
 .text.HAL_I2C_EV_IRQHandler
                0x000000000800657c      0x2e2 ./Drivers/STM32F4xx_HAL_Driver/Src/stm32f4xx_hal_i2c.o
                0x000000000800657c                HAL_I2C_EV_IRQHandler
 .text.HAL_I2C_ER_IRQHandler
                0x000000000800685e      0x14e ./Drivers/STM32F4xx_HAL_Driver/Src/stm32f4xx_hal_i2c.o
                0x000000000800685e                HAL_I2C_ER_IRQHandler
 .text.HAL_I2C_MasterTxCpltCallback
                0x00000000080069ac       0x14 ./Drivers/STM32F4xx_HAL_Driver/Src/stm32f4xx_hal_i2c.o
                0x00000000080069ac                HAL_I2C_MasterTxCpltCallback
 .text.HAL_I2C_MasterRxCpltCallback
                0x00000000080069c0       0x14 ./Drivers/STM32F4xx_HAL_Driver/Src/stm32f4xx_hal_i2c.o
                0x00000000080069c0                HAL_I2C_MasterRxCpltCallback
 .text.HAL_I2C_SlaveTxCpltCallback
                0x00000000080069d4       0x14 ./Drivers/STM32F4xx_HAL_Driver/Src/stm32f4xx_hal_i2c.o
                0x00000000080069d4                HAL_I2C_SlaveTxCpltCallback
 .text.HAL_I2C_SlaveRxCpltCallback
                0x00000000080069e8       0x14 ./Drivers/STM32F4xx_HAL_Driver/Src/stm32f4xx_hal_i2c.o
                0x00000000080069e8                HAL_I2C_SlaveRxCpltCallback
 .text.HAL_I2C_AddrCallback
                0x00000000080069fc       0x1c ./Drivers/STM32F4xx_HAL_Driver/Src/stm32f4xx_hal_i2c.o
                0x00000000080069fc                HAL_I2C_AddrCallback
 .text.HAL_I2C_ListenCpltCallback
                0x0000000008006a18       0x14 ./Drivers/STM32F4xx_HAL_Driver/Src/stm32f4xx_hal_i2c.o
                0x0000000008006a18                HAL_I2C_ListenCpltCallback
 .text.HAL_I2C_MemTxCpltCallback
                0x0000000008006a2c       0x14 ./Drivers/STM32F4xx_HAL_Driver/Src/stm32f4xx_hal_i2c.o
                0x0000000008006a2c                HAL_I2C_MemTxCpltCallback
 .text.HAL_I2C_MemRxCpltCallback
                0x0000000008006a40       0x14 ./Drivers/STM32F4xx_HAL_Driver/Src/stm32f4xx_hal_i2c.o
                0x0000000008006a40                HAL_I2C_MemRxCpltCallback
 .text.HAL_I2C_ErrorCallback
                0x0000000008006a54       0x14 ./Drivers/STM32F4xx_HAL_Driver/Src/stm32f4xx_hal_i2c.o
                0x0000000008006a54                HAL_I2C_ErrorCallback
 .text.HAL_I2C_AbortCpltCallback
                0x0000000008006a68       0x14 ./Drivers/STM32F4xx_HAL_Driver/Src/stm32f4xx_hal_i2c.o
                0x0000000008006a68                HAL_I2C_AbortCpltCallback
 .text.I2C_MasterTransmit_TXE
                0x0000000008006a7c      0x138 ./Drivers/STM32F4xx_HAL_Driver/Src/stm32f4xx_hal_i2c.o
 .text.I2C_MasterTransmit_BTF
                0x0000000008006bb4       0xec ./Drivers/STM32F4xx_HAL_Driver/Src/stm32f4xx_hal_i2c.o
 .text.I2C_MemoryTransmit_TXE_BTF
                0x0000000008006ca0      0x128 ./Drivers/STM32F4xx_HAL_Driver/Src/stm32f4xx_hal_i2c.o
 .text.I2C_MasterReceive_RXNE
                0x0000000008006dc8      0x176 ./Drivers/STM32F4xx_HAL_Driver/Src/stm32f4xx_hal_i2c.o
 .text.I2C_MasterReceive_BTF
                0x0000000008006f3e      0x1d4 ./Drivers/STM32F4xx_HAL_Driver/Src/stm32f4xx_hal_i2c.o
 .text.I2C_Master_SB
                0x0000000008007112      0x10c ./Drivers/STM32F4xx_HAL_Driver/Src/stm32f4xx_hal_i2c.o
 .text.I2C_Master_ADD10
                0x000000000800721e       0x54 ./Drivers/STM32F4xx_HAL_Driver/Src/stm32f4xx_hal_i2c.o
 .text.I2C_Master_ADDR
                0x0000000008007272      0x322 ./Drivers/STM32F4xx_HAL_Driver/Src/stm32f4xx_hal_i2c.o
 .text.I2C_SlaveTransmit_TXE
                0x0000000008007594       0x7a ./Drivers/STM32F4xx_HAL_Driver/Src/stm32f4xx_hal_i2c.o
 .text.I2C_SlaveTransmit_BTF
                0x000000000800760e       0x42 ./Drivers/STM32F4xx_HAL_Driver/Src/stm32f4xx_hal_i2c.o
 .text.I2C_SlaveReceive_RXNE
                0x0000000008007650       0x7c ./Drivers/STM32F4xx_HAL_Driver/Src/stm32f4xx_hal_i2c.o
 .text.I2C_SlaveReceive_BTF
                0x00000000080076cc       0x44 ./Drivers/STM32F4xx_HAL_Driver/Src/stm32f4xx_hal_i2c.o
 .text.I2C_Slave_ADDR
                0x0000000008007710       0x94 ./Drivers/STM32F4xx_HAL_Driver/Src/stm32f4xx_hal_i2c.o
 .text.I2C_Slave_STOPF
                0x00000000080077a4      0x260 ./Drivers/STM32F4xx_HAL_Driver/Src/stm32f4xx_hal_i2c.o
 .text.I2C_Slave_AF
                0x0000000008007a04       0xe0 ./Drivers/STM32F4xx_HAL_Driver/Src/stm32f4xx_hal_i2c.o
 .text.I2C_ITError
                0x0000000008007ae4      0x264 ./Drivers/STM32F4xx_HAL_Driver/Src/stm32f4xx_hal_i2c.o
 .text.I2C_MasterRequestRead
                0x0000000008007d48      0x19c ./Drivers/STM32F4xx_HAL_Driver/Src/stm32f4xx_hal_i2c.o
 .text.I2C_RequestMemoryWrite
                0x0000000008007ee4      0x12c ./Drivers/STM32F4xx_HAL_Driver/Src/stm32f4xx_hal_i2c.o
 .text.I2C_DMAAbort
                0x0000000008008010      0x150 ./Drivers/STM32F4xx_HAL_Driver/Src/stm32f4xx_hal_i2c.o
 .text.I2C_WaitOnFlagUntilTimeout
                0x0000000008008160       0xae ./Drivers/STM32F4xx_HAL_Driver/Src/stm32f4xx_hal_i2c.o
 .text.I2C_WaitOnMasterAddressFlagUntilTimeout
                0x000000000800820e       0xfe ./Drivers/STM32F4xx_HAL_Driver/Src/stm32f4xx_hal_i2c.o
 .text.I2C_WaitOnTXEFlagUntilTimeout
                0x000000000800830c       0x82 ./Drivers/STM32F4xx_HAL_Driver/Src/stm32f4xx_hal_i2c.o
 .text.I2C_WaitOnBTFFlagUntilTimeout
                0x000000000800838e       0x82 ./Drivers/STM32F4xx_HAL_Driver/Src/stm32f4xx_hal_i2c.o
 .text.I2C_WaitOnSTOPRequestThroughIT
                0x0000000008008410       0x64 ./Drivers/STM32F4xx_HAL_Driver/Src/stm32f4xx_hal_i2c.o
 .text.I2C_WaitOnRXNEFlagUntilTimeout
                0x0000000008008474       0xac ./Drivers/STM32F4xx_HAL_Driver/Src/stm32f4xx_hal_i2c.o
 .text.I2C_IsAcknowledgeFailed
                0x0000000008008520       0x5e ./Drivers/STM32F4xx_HAL_Driver/Src/stm32f4xx_hal_i2c.o
 .text.I2C_ConvertOtherXferOptions
                0x000000000800857e       0x36 ./Drivers/STM32F4xx_HAL_Driver/Src/stm32f4xx_hal_i2c.o
 .text.HAL_RCC_OscConfig
                0x00000000080085b4      0x4f0 ./Drivers/STM32F4xx_HAL_Driver/Src/stm32f4xx_hal_rcc.o
                0x00000000080085b4                HAL_RCC_OscConfig
 .text.HAL_RCC_ClockConfig
                0x0000000008008aa4      0x1cc ./Drivers/STM32F4xx_HAL_Driver/Src/stm32f4xx_hal_rcc.o
                0x0000000008008aa4                HAL_RCC_ClockConfig
 .text.HAL_RCC_GetSysClockFreq
                0x0000000008008c70      0x20c ./Drivers/STM32F4xx_HAL_Driver/Src/stm32f4xx_hal_rcc.o
                0x0000000008008c70                HAL_RCC_GetSysClockFreq
 .text.HAL_RCC_GetHCLKFreq
                0x0000000008008e7c       0x18 ./Drivers/STM32F4xx_HAL_Driver/Src/stm32f4xx_hal_rcc.o
                0x0000000008008e7c                HAL_RCC_GetHCLKFreq
 .text.HAL_RCC_GetPCLK1Freq
                0x0000000008008e94       0x28 ./Drivers/STM32F4xx_HAL_Driver/Src/stm32f4xx_hal_rcc.o
                0x0000000008008e94                HAL_RCC_GetPCLK1Freq
 .text.HAL_RCC_GetPCLK2Freq
                0x0000000008008ebc       0x28 ./Drivers/STM32F4xx_HAL_Driver/Src/stm32f4xx_hal_rcc.o
                0x0000000008008ebc                HAL_RCC_GetPCLK2Freq
 .text.HAL_TIM_Base_Init
                0x0000000008008ee4       0xb8 ./Drivers/STM32F4xx_HAL_Driver/Src/stm32f4xx_hal_tim.o
                0x0000000008008ee4                HAL_TIM_Base_Init
 .text.HAL_TIM_Base_Start
                0x0000000008008f9c       0xb4 ./Drivers/STM32F4xx_HAL_Driver/Src/stm32f4xx_hal_tim.o
                0x0000000008008f9c                HAL_TIM_Base_Start
 .text.HAL_TIM_Base_Start_IT
                0x0000000008009050       0xc4 ./Drivers/STM32F4xx_HAL_Driver/Src/stm32f4xx_hal_tim.o
                0x0000000008009050                HAL_TIM_Base_Start_IT
 .text.HAL_TIM_OC_Init
                0x0000000008009114       0xb8 ./Drivers/STM32F4xx_HAL_Driver/Src/stm32f4xx_hal_tim.o
                0x0000000008009114                HAL_TIM_OC_Init
 .text.HAL_TIM_OC_MspInit
                0x00000000080091cc       0x14 ./Drivers/STM32F4xx_HAL_Driver/Src/stm32f4xx_hal_tim.o
                0x00000000080091cc                HAL_TIM_OC_MspInit
 .text.HAL_TIM_PWM_Init
                0x00000000080091e0       0xb8 ./Drivers/STM32F4xx_HAL_Driver/Src/stm32f4xx_hal_tim.o
                0x00000000080091e0                HAL_TIM_PWM_Init
 .text.HAL_TIM_PWM_Start
                0x0000000008009298      0x160 ./Drivers/STM32F4xx_HAL_Driver/Src/stm32f4xx_hal_tim.o
                0x0000000008009298                HAL_TIM_PWM_Start
 .text.HAL_TIM_OnePulse_Init
                0x00000000080093f8       0xbc ./Drivers/STM32F4xx_HAL_Driver/Src/stm32f4xx_hal_tim.o
                0x00000000080093f8                HAL_TIM_OnePulse_Init
 .text.HAL_TIM_OnePulse_MspInit
                0x00000000080094b4       0x14 ./Drivers/STM32F4xx_HAL_Driver/Src/stm32f4xx_hal_tim.o
                0x00000000080094b4                HAL_TIM_OnePulse_MspInit
 .text.HAL_TIM_OnePulse_Start_IT
                0x00000000080094c8       0xcc ./Drivers/STM32F4xx_HAL_Driver/Src/stm32f4xx_hal_tim.o
                0x00000000080094c8                HAL_TIM_OnePulse_Start_IT
 .text.HAL_TIM_Encoder_Init
                0x0000000008009594      0x168 ./Drivers/STM32F4xx_HAL_Driver/Src/stm32f4xx_hal_tim.o
                0x0000000008009594                HAL_TIM_Encoder_Init
 .text.HAL_TIM_Encoder_Start
                0x00000000080096fc      0x11c ./Drivers/STM32F4xx_HAL_Driver/Src/stm32f4xx_hal_tim.o
                0x00000000080096fc                HAL_TIM_Encoder_Start
 .text.HAL_TIM_IRQHandler
                0x0000000008009818      0x250 ./Drivers/STM32F4xx_HAL_Driver/Src/stm32f4xx_hal_tim.o
                0x0000000008009818                HAL_TIM_IRQHandler
 .text.HAL_TIM_OC_ConfigChannel
                0x0000000008009a68       0xb8 ./Drivers/STM32F4xx_HAL_Driver/Src/stm32f4xx_hal_tim.o
                0x0000000008009a68                HAL_TIM_OC_ConfigChannel
 .text.HAL_TIM_PWM_ConfigChannel
                0x0000000008009b20      0x184 ./Drivers/STM32F4xx_HAL_Driver/Src/stm32f4xx_hal_tim.o
                0x0000000008009b20                HAL_TIM_PWM_ConfigChannel
 .text.HAL_TIM_ConfigClockSource
                0x0000000008009ca4      0x18e ./Drivers/STM32F4xx_HAL_Driver/Src/stm32f4xx_hal_tim.o
                0x0000000008009ca4                HAL_TIM_ConfigClockSource
 .text.HAL_TIM_PeriodElapsedHalfCpltCallback
                0x0000000008009e32       0x14 ./Drivers/STM32F4xx_HAL_Driver/Src/stm32f4xx_hal_tim.o
                0x0000000008009e32                HAL_TIM_PeriodElapsedHalfCpltCallback
 .text.HAL_TIM_OC_DelayElapsedCallback
                0x0000000008009e46       0x14 ./Drivers/STM32F4xx_HAL_Driver/Src/stm32f4xx_hal_tim.o
                0x0000000008009e46                HAL_TIM_OC_DelayElapsedCallback
 .text.HAL_TIM_IC_CaptureCallback
                0x0000000008009e5a       0x14 ./Drivers/STM32F4xx_HAL_Driver/Src/stm32f4xx_hal_tim.o
                0x0000000008009e5a                HAL_TIM_IC_CaptureCallback
 .text.HAL_TIM_IC_CaptureHalfCpltCallback
                0x0000000008009e6e       0x14 ./Drivers/STM32F4xx_HAL_Driver/Src/stm32f4xx_hal_tim.o
                0x0000000008009e6e                HAL_TIM_IC_CaptureHalfCpltCallback
 .text.HAL_TIM_PWM_PulseFinishedCallback
                0x0000000008009e82       0x14 ./Drivers/STM32F4xx_HAL_Driver/Src/stm32f4xx_hal_tim.o
                0x0000000008009e82                HAL_TIM_PWM_PulseFinishedCallback
 .text.HAL_TIM_PWM_PulseFinishedHalfCpltCallback
                0x0000000008009e96       0x14 ./Drivers/STM32F4xx_HAL_Driver/Src/stm32f4xx_hal_tim.o
                0x0000000008009e96                HAL_TIM_PWM_PulseFinishedHalfCpltCallback
 .text.HAL_TIM_TriggerCallback
                0x0000000008009eaa       0x14 ./Drivers/STM32F4xx_HAL_Driver/Src/stm32f4xx_hal_tim.o
                0x0000000008009eaa                HAL_TIM_TriggerCallback
 .text.HAL_TIM_TriggerHalfCpltCallback
                0x0000000008009ebe       0x14 ./Drivers/STM32F4xx_HAL_Driver/Src/stm32f4xx_hal_tim.o
                0x0000000008009ebe                HAL_TIM_TriggerHalfCpltCallback
 .text.HAL_TIM_ErrorCallback
                0x0000000008009ed2       0x14 ./Drivers/STM32F4xx_HAL_Driver/Src/stm32f4xx_hal_tim.o
                0x0000000008009ed2                HAL_TIM_ErrorCallback
 *fill*         0x0000000008009ee6        0x2 
 .text.HAL_TIM_RegisterCallback
                0x0000000008009ee8      0x294 ./Drivers/STM32F4xx_HAL_Driver/Src/stm32f4xx_hal_tim.o
                0x0000000008009ee8                HAL_TIM_RegisterCallback
 .text.TIM_Base_SetConfig
                0x000000000800a17c      0x100 ./Drivers/STM32F4xx_HAL_Driver/Src/stm32f4xx_hal_tim.o
                0x000000000800a17c                TIM_Base_SetConfig
 .text.TIM_OC1_SetConfig
                0x000000000800a27c       0xcc ./Drivers/STM32F4xx_HAL_Driver/Src/stm32f4xx_hal_tim.o
 .text.TIM_OC2_SetConfig
                0x000000000800a348       0xd8 ./Drivers/STM32F4xx_HAL_Driver/Src/stm32f4xx_hal_tim.o
                0x000000000800a348                TIM_OC2_SetConfig
 .text.TIM_OC3_SetConfig
                0x000000000800a420       0xd4 ./Drivers/STM32F4xx_HAL_Driver/Src/stm32f4xx_hal_tim.o
 .text.TIM_OC4_SetConfig
                0x000000000800a4f4       0xa0 ./Drivers/STM32F4xx_HAL_Driver/Src/stm32f4xx_hal_tim.o
 .text.TIM_TI1_ConfigInputStage
                0x000000000800a594       0x5e ./Drivers/STM32F4xx_HAL_Driver/Src/stm32f4xx_hal_tim.o
 .text.TIM_TI2_ConfigInputStage
                0x000000000800a5f2       0x60 ./Drivers/STM32F4xx_HAL_Driver/Src/stm32f4xx_hal_tim.o
 .text.TIM_ITRx_SetConfig
                0x000000000800a652       0x36 ./Drivers/STM32F4xx_HAL_Driver/Src/stm32f4xx_hal_tim.o
 .text.TIM_ETR_SetConfig
                0x000000000800a688       0x40 ./Drivers/STM32F4xx_HAL_Driver/Src/stm32f4xx_hal_tim.o
                0x000000000800a688                TIM_ETR_SetConfig
 .text.TIM_CCxChannelCmd
                0x000000000800a6c8       0x4a ./Drivers/STM32F4xx_HAL_Driver/Src/stm32f4xx_hal_tim.o
                0x000000000800a6c8                TIM_CCxChannelCmd
 *fill*         0x000000000800a712        0x2 
 .text.TIM_ResetCallback
                0x000000000800a714       0xb0 ./Drivers/STM32F4xx_HAL_Driver/Src/stm32f4xx_hal_tim.o
                0x000000000800a714                TIM_ResetCallback
 .text.HAL_TIMEx_MasterConfigSynchronization
                0x000000000800a7c4       0xdc ./Drivers/STM32F4xx_HAL_Driver/Src/stm32f4xx_hal_tim_ex.o
                0x000000000800a7c4                HAL_TIMEx_MasterConfigSynchronization
 .text.HAL_TIMEx_ConfigBreakDeadTime
                0x000000000800a8a0       0xa4 ./Drivers/STM32F4xx_HAL_Driver/Src/stm32f4xx_hal_tim_ex.o
                0x000000000800a8a0                HAL_TIMEx_ConfigBreakDeadTime
 .text.HAL_TIMEx_CommutCallback
                0x000000000800a944       0x14 ./Drivers/STM32F4xx_HAL_Driver/Src/stm32f4xx_hal_tim_ex.o
                0x000000000800a944                HAL_TIMEx_CommutCallback
 .text.HAL_TIMEx_CommutHalfCpltCallback
                0x000000000800a958       0x14 ./Drivers/STM32F4xx_HAL_Driver/Src/stm32f4xx_hal_tim_ex.o
                0x000000000800a958                HAL_TIMEx_CommutHalfCpltCallback
 .text.HAL_TIMEx_BreakCallback
                0x000000000800a96c       0x14 ./Drivers/STM32F4xx_HAL_Driver/Src/stm32f4xx_hal_tim_ex.o
                0x000000000800a96c                HAL_TIMEx_BreakCallback
 .text.HAL_UART_Init
                0x000000000800a980       0xb4 ./Drivers/STM32F4xx_HAL_Driver/Src/stm32f4xx_hal_uart.o
                0x000000000800a980                HAL_UART_Init
 .text.HAL_UART_RegisterCallback
                0x000000000800aa34      0x150 ./Drivers/STM32F4xx_HAL_Driver/Src/stm32f4xx_hal_uart.o
                0x000000000800aa34                HAL_UART_RegisterCallback
 .text.HAL_UART_Receive_IT
                0x000000000800ab84       0x60 ./Drivers/STM32F4xx_HAL_Driver/Src/stm32f4xx_hal_uart.o
                0x000000000800ab84                HAL_UART_Receive_IT
 .text.HAL_UART_Transmit_DMA
                0x000000000800abe4       0xfc ./Drivers/STM32F4xx_HAL_Driver/Src/stm32f4xx_hal_uart.o
                0x000000000800abe4                HAL_UART_Transmit_DMA
 .text.HAL_UART_AbortReceive
                0x000000000800ace0      0x146 ./Drivers/STM32F4xx_HAL_Driver/Src/stm32f4xx_hal_uart.o
                0x000000000800ace0                HAL_UART_AbortReceive
 *fill*         0x000000000800ae26        0x2 
 .text.HAL_UART_IRQHandler
                0x000000000800ae28      0x524 ./Drivers/STM32F4xx_HAL_Driver/Src/stm32f4xx_hal_uart.o
                0x000000000800ae28                HAL_UART_IRQHandler
 .text.HAL_UART_TxCpltCallback
                0x000000000800b34c       0x14 ./Drivers/STM32F4xx_HAL_Driver/Src/stm32f4xx_hal_uart.o
                0x000000000800b34c                HAL_UART_TxCpltCallback
 .text.HAL_UART_TxHalfCpltCallback
                0x000000000800b360       0x14 ./Drivers/STM32F4xx_HAL_Driver/Src/stm32f4xx_hal_uart.o
                0x000000000800b360                HAL_UART_TxHalfCpltCallback
 .text.HAL_UART_RxCpltCallback
                0x000000000800b374       0x14 ./Drivers/STM32F4xx_HAL_Driver/Src/stm32f4xx_hal_uart.o
                0x000000000800b374                HAL_UART_RxCpltCallback
 .text.HAL_UART_RxHalfCpltCallback
                0x000000000800b388       0x14 ./Drivers/STM32F4xx_HAL_Driver/Src/stm32f4xx_hal_uart.o
                0x000000000800b388                HAL_UART_RxHalfCpltCallback
 .text.HAL_UART_ErrorCallback
                0x000000000800b39c       0x14 ./Drivers/STM32F4xx_HAL_Driver/Src/stm32f4xx_hal_uart.o
                0x000000000800b39c                HAL_UART_ErrorCallback
 .text.HAL_UART_AbortCpltCallback
                0x000000000800b3b0       0x14 ./Drivers/STM32F4xx_HAL_Driver/Src/stm32f4xx_hal_uart.o
                0x000000000800b3b0                HAL_UART_AbortCpltCallback
 .text.HAL_UART_AbortTransmitCpltCallback
                0x000000000800b3c4       0x14 ./Drivers/STM32F4xx_HAL_Driver/Src/stm32f4xx_hal_uart.o
                0x000000000800b3c4                HAL_UART_AbortTransmitCpltCallback
 .text.HAL_UART_AbortReceiveCpltCallback
                0x000000000800b3d8       0x14 ./Drivers/STM32F4xx_HAL_Driver/Src/stm32f4xx_hal_uart.o
                0x000000000800b3d8                HAL_UART_AbortReceiveCpltCallback
 .text.HAL_UARTEx_RxEventCallback
                0x000000000800b3ec       0x18 ./Drivers/STM32F4xx_HAL_Driver/Src/stm32f4xx_hal_uart.o
                0x000000000800b3ec                HAL_UARTEx_RxEventCallback
 .text.UART_InitCallbacksToDefault
                0x000000000800b404       0x70 ./Drivers/STM32F4xx_HAL_Driver/Src/stm32f4xx_hal_uart.o
                0x000000000800b404                UART_InitCallbacksToDefault
 .text.UART_DMATransmitCplt
                0x000000000800b474       0x9c ./Drivers/STM32F4xx_HAL_Driver/Src/stm32f4xx_hal_uart.o
 .text.UART_DMATxHalfCplt
                0x000000000800b510       0x1e ./Drivers/STM32F4xx_HAL_Driver/Src/stm32f4xx_hal_uart.o
 .text.UART_DMAError
                0x000000000800b52e       0x96 ./Drivers/STM32F4xx_HAL_Driver/Src/stm32f4xx_hal_uart.o
 .text.UART_Start_Receive_IT
                0x000000000800b5c4       0x7c ./Drivers/STM32F4xx_HAL_Driver/Src/stm32f4xx_hal_uart.o
                0x000000000800b5c4                UART_Start_Receive_IT
 .text.UART_EndTxTransfer
                0x000000000800b640       0x50 ./Drivers/STM32F4xx_HAL_Driver/Src/stm32f4xx_hal_uart.o
 .text.UART_EndRxTransfer
                0x000000000800b690       0xc6 ./Drivers/STM32F4xx_HAL_Driver/Src/stm32f4xx_hal_uart.o
 .text.UART_DMAAbortOnError
                0x000000000800b756       0x2a ./Drivers/STM32F4xx_HAL_Driver/Src/stm32f4xx_hal_uart.o
 .text.UART_Transmit_IT
                0x000000000800b780       0xa0 ./Drivers/STM32F4xx_HAL_Driver/Src/stm32f4xx_hal_uart.o
 .text.UART_EndTransmit_IT
                0x000000000800b820       0x32 ./Drivers/STM32F4xx_HAL_Driver/Src/stm32f4xx_hal_uart.o
 .text.UART_Receive_IT
                0x000000000800b852      0x17a ./Drivers/STM32F4xx_HAL_Driver/Src/stm32f4xx_hal_uart.o
 .text.UART_SetConfig
                0x000000000800b9cc      0x4e8 ./Drivers/STM32F4xx_HAL_Driver/Src/stm32f4xx_hal_uart.o
 .text.__errno  0x000000000800beb4        0xc c:/st/stm32cubeide_1.12.0/stm32cubeide/plugins/com.st.stm32cube.ide.mcu.externaltools.gnu-tools-for-stm32.10.3-2021.10.win32_1.0.200.202301161003/tools/bin/../lib/gcc/arm-none-eabi/10.3.1/../../../../arm-none-eabi/lib/thumb/v7e-m+fp/hard\libc_nano.a(lib_a-errno.o)
                0x000000000800beb4                __errno
 .text.__libc_init_array
                0x000000000800bec0       0x48 c:/st/stm32cubeide_1.12.0/stm32cubeide/plugins/com.st.stm32cube.ide.mcu.externaltools.gnu-tools-for-stm32.10.3-2021.10.win32_1.0.200.202301161003/tools/bin/../lib/gcc/arm-none-eabi/10.3.1/../../../../arm-none-eabi/lib/thumb/v7e-m+fp/hard\libc_nano.a(lib_a-init.o)
                0x000000000800bec0                __libc_init_array
 .text.memcpy   0x000000000800bf08       0x1c c:/st/stm32cubeide_1.12.0/stm32cubeide/plugins/com.st.stm32cube.ide.mcu.externaltools.gnu-tools-for-stm32.10.3-2021.10.win32_1.0.200.202301161003/tools/bin/../lib/gcc/arm-none-eabi/10.3.1/../../../../arm-none-eabi/lib/thumb/v7e-m+fp/hard\libc_nano.a(lib_a-memcpy-stub.o)
                0x000000000800bf08                memcpy
 .text.memset   0x000000000800bf24       0x10 c:/st/stm32cubeide_1.12.0/stm32cubeide/plugins/com.st.stm32cube.ide.mcu.externaltools.gnu-tools-for-stm32.10.3-2021.10.win32_1.0.200.202301161003/tools/bin/../lib/gcc/arm-none-eabi/10.3.1/../../../../arm-none-eabi/lib/thumb/v7e-m+fp/hard\libc_nano.a(lib_a-memset.o)
                0x000000000800bf24                memset
 .text.cosf     0x000000000800bf34       0x88 c:/st/stm32cubeide_1.12.0/stm32cubeide/plugins/com.st.stm32cube.ide.mcu.externaltools.gnu-tools-for-stm32.10.3-2021.10.win32_1.0.200.202301161003/tools/bin/../lib/gcc/arm-none-eabi/10.3.1/../../../../arm-none-eabi/lib/thumb/v7e-m+fp/hard\libm.a(lib_a-sf_cos.o)
                0x000000000800bf34                cosf
 .text.sinf     0x000000000800bfbc       0x8c c:/st/stm32cubeide_1.12.0/stm32cubeide/plugins/com.st.stm32cube.ide.mcu.externaltools.gnu-tools-for-stm32.10.3-2021.10.win32_1.0.200.202301161003/tools/bin/../lib/gcc/arm-none-eabi/10.3.1/../../../../arm-none-eabi/lib/thumb/v7e-m+fp/hard\libm.a(lib_a-sf_sin.o)
                0x000000000800bfbc                sinf
 .text.acos     0x000000000800c048       0x68 c:/st/stm32cubeide_1.12.0/stm32cubeide/plugins/com.st.stm32cube.ide.mcu.externaltools.gnu-tools-for-stm32.10.3-2021.10.win32_1.0.200.202301161003/tools/bin/../lib/gcc/arm-none-eabi/10.3.1/../../../../arm-none-eabi/lib/thumb/v7e-m+fp/hard\libm.a(lib_a-w_acos.o)
                0x000000000800c048                acos
 .text.pow      0x000000000800c0b0       0xe0 c:/st/stm32cubeide_1.12.0/stm32cubeide/plugins/com.st.stm32cube.ide.mcu.externaltools.gnu-tools-for-stm32.10.3-2021.10.win32_1.0.200.202301161003/tools/bin/../lib/gcc/arm-none-eabi/10.3.1/../../../../arm-none-eabi/lib/thumb/v7e-m+fp/hard\libm.a(lib_a-w_pow.o)
                0x000000000800c0b0                pow
 .text.__ieee754_acos
                0x000000000800c190      0x4c0 c:/st/stm32cubeide_1.12.0/stm32cubeide/plugins/com.st.stm32cube.ide.mcu.externaltools.gnu-tools-for-stm32.10.3-2021.10.win32_1.0.200.202301161003/tools/bin/../lib/gcc/arm-none-eabi/10.3.1/../../../../arm-none-eabi/lib/thumb/v7e-m+fp/hard\libm.a(lib_a-e_acos.o)
                0x000000000800c190                __ieee754_acos
 .text.__ieee754_pow
                0x000000000800c650      0xa5c c:/st/stm32cubeide_1.12.0/stm32cubeide/plugins/com.st.stm32cube.ide.mcu.externaltools.gnu-tools-for-stm32.10.3-2021.10.win32_1.0.200.202301161003/tools/bin/../lib/gcc/arm-none-eabi/10.3.1/../../../../arm-none-eabi/lib/thumb/v7e-m+fp/hard\libm.a(lib_a-e_pow.o)
                0x000000000800c650                __ieee754_pow
 .text.__ieee754_sqrt
                0x000000000800d0ac      0x164 c:/st/stm32cubeide_1.12.0/stm32cubeide/plugins/com.st.stm32cube.ide.mcu.externaltools.gnu-tools-for-stm32.10.3-2021.10.win32_1.0.200.202301161003/tools/bin/../lib/gcc/arm-none-eabi/10.3.1/../../../../arm-none-eabi/lib/thumb/v7e-m+fp/hard\libm.a(lib_a-e_sqrt.o)
                0x000000000800d0ac                __ieee754_sqrt
 .text.__ieee754_rem_pio2f
                0x000000000800d210      0x278 c:/st/stm32cubeide_1.12.0/stm32cubeide/plugins/com.st.stm32cube.ide.mcu.externaltools.gnu-tools-for-stm32.10.3-2021.10.win32_1.0.200.202301161003/tools/bin/../lib/gcc/arm-none-eabi/10.3.1/../../../../arm-none-eabi/lib/thumb/v7e-m+fp/hard\libm.a(lib_a-ef_rem_pio2.o)
                0x000000000800d210                __ieee754_rem_pio2f
 .text.__kernel_cosf
                0x000000000800d488       0xc0 c:/st/stm32cubeide_1.12.0/stm32cubeide/plugins/com.st.stm32cube.ide.mcu.externaltools.gnu-tools-for-stm32.10.3-2021.10.win32_1.0.200.202301161003/tools/bin/../lib/gcc/arm-none-eabi/10.3.1/../../../../arm-none-eabi/lib/thumb/v7e-m+fp/hard\libm.a(lib_a-kf_cos.o)
                0x000000000800d488                __kernel_cosf
 .text.__kernel_rem_pio2f
                0x000000000800d548      0x4ec c:/st/stm32cubeide_1.12.0/stm32cubeide/plugins/com.st.stm32cube.ide.mcu.externaltools.gnu-tools-for-stm32.10.3-2021.10.win32_1.0.200.202301161003/tools/bin/../lib/gcc/arm-none-eabi/10.3.1/../../../../arm-none-eabi/lib/thumb/v7e-m+fp/hard\libm.a(lib_a-kf_rem_pio2.o)
                0x000000000800d548                __kernel_rem_pio2f
 .text.__kernel_sinf
                0x000000000800da34       0x90 c:/st/stm32cubeide_1.12.0/stm32cubeide/plugins/com.st.stm32cube.ide.mcu.externaltools.gnu-tools-for-stm32.10.3-2021.10.win32_1.0.200.202301161003/tools/bin/../lib/gcc/arm-none-eabi/10.3.1/../../../../arm-none-eabi/lib/thumb/v7e-m+fp/hard\libm.a(lib_a-kf_sin.o)
                0x000000000800da34                __kernel_sinf
 .text.with_errno
                0x000000000800dac4       0x14 c:/st/stm32cubeide_1.12.0/stm32cubeide/plugins/com.st.stm32cube.ide.mcu.externaltools.gnu-tools-for-stm32.10.3-2021.10.win32_1.0.200.202301161003/tools/bin/../lib/gcc/arm-none-eabi/10.3.1/../../../../arm-none-eabi/lib/thumb/v7e-m+fp/hard\libm.a(lib_a-math_err.o)
 .text.xflow    0x000000000800dad8       0x28 c:/st/stm32cubeide_1.12.0/stm32cubeide/plugins/com.st.stm32cube.ide.mcu.externaltools.gnu-tools-for-stm32.10.3-2021.10.win32_1.0.200.202301161003/tools/bin/../lib/gcc/arm-none-eabi/10.3.1/../../../../arm-none-eabi/lib/thumb/v7e-m+fp/hard\libm.a(lib_a-math_err.o)
 .text.__math_uflow
                0x000000000800db00       0x12 c:/st/stm32cubeide_1.12.0/stm32cubeide/plugins/com.st.stm32cube.ide.mcu.externaltools.gnu-tools-for-stm32.10.3-2021.10.win32_1.0.200.202301161003/tools/bin/../lib/gcc/arm-none-eabi/10.3.1/../../../../arm-none-eabi/lib/thumb/v7e-m+fp/hard\libm.a(lib_a-math_err.o)
                0x000000000800db00                __math_uflow
 .text.__math_oflow
                0x000000000800db12       0x12 c:/st/stm32cubeide_1.12.0/stm32cubeide/plugins/com.st.stm32cube.ide.mcu.externaltools.gnu-tools-for-stm32.10.3-2021.10.win32_1.0.200.202301161003/tools/bin/../lib/gcc/arm-none-eabi/10.3.1/../../../../arm-none-eabi/lib/thumb/v7e-m+fp/hard\libm.a(lib_a-math_err.o)
                0x000000000800db12                __math_oflow
 .text.fabs     0x000000000800db24       0x12 c:/st/stm32cubeide_1.12.0/stm32cubeide/plugins/com.st.stm32cube.ide.mcu.externaltools.gnu-tools-for-stm32.10.3-2021.10.win32_1.0.200.202301161003/tools/bin/../lib/gcc/arm-none-eabi/10.3.1/../../../../arm-none-eabi/lib/thumb/v7e-m+fp/hard\libm.a(lib_a-s_fabs.o)
                0x000000000800db24                fabs
 .text.finite   0x000000000800db36       0x16 c:/st/stm32cubeide_1.12.0/stm32cubeide/plugins/com.st.stm32cube.ide.mcu.externaltools.gnu-tools-for-stm32.10.3-2021.10.win32_1.0.200.202301161003/tools/bin/../lib/gcc/arm-none-eabi/10.3.1/../../../../arm-none-eabi/lib/thumb/v7e-m+fp/hard\libm.a(lib_a-s_finite.o)
                0x000000000800db36                finite
 *fill*         0x000000000800db4c        0x4 
 .text.nan      0x000000000800db50       0x10 c:/st/stm32cubeide_1.12.0/stm32cubeide/plugins/com.st.stm32cube.ide.mcu.externaltools.gnu-tools-for-stm32.10.3-2021.10.win32_1.0.200.202301161003/tools/bin/../lib/gcc/arm-none-eabi/10.3.1/../../../../arm-none-eabi/lib/thumb/v7e-m+fp/hard\libm.a(lib_a-s_nan.o)
                0x000000000800db50                nan
 .text.scalbn   0x000000000800db60      0x10c c:/st/stm32cubeide_1.12.0/stm32cubeide/plugins/com.st.stm32cube.ide.mcu.externaltools.gnu-tools-for-stm32.10.3-2021.10.win32_1.0.200.202301161003/tools/bin/../lib/gcc/arm-none-eabi/10.3.1/../../../../arm-none-eabi/lib/thumb/v7e-m+fp/hard\libm.a(lib_a-s_scalbn.o)
                0x000000000800db60                scalbn
 .text.fabsf    0x000000000800dc6c        0xe c:/st/stm32cubeide_1.12.0/stm32cubeide/plugins/com.st.stm32cube.ide.mcu.externaltools.gnu-tools-for-stm32.10.3-2021.10.win32_1.0.200.202301161003/tools/bin/../lib/gcc/arm-none-eabi/10.3.1/../../../../arm-none-eabi/lib/thumb/v7e-m+fp/hard\libm.a(lib_a-sf_fabs.o)
                0x000000000800dc6c                fabsf
 *fill*         0x000000000800dc7a        0x2 
 .text.floorf   0x000000000800dc7c       0x84 c:/st/stm32cubeide_1.12.0/stm32cubeide/plugins/com.st.stm32cube.ide.mcu.externaltools.gnu-tools-for-stm32.10.3-2021.10.win32_1.0.200.202301161003/tools/bin/../lib/gcc/arm-none-eabi/10.3.1/../../../../arm-none-eabi/lib/thumb/v7e-m+fp/hard\libm.a(lib_a-sf_floor.o)
                0x000000000800dc7c                floorf
 .text.scalbnf  0x000000000800dd00       0xe4 c:/st/stm32cubeide_1.12.0/stm32cubeide/plugins/com.st.stm32cube.ide.mcu.externaltools.gnu-tools-for-stm32.10.3-2021.10.win32_1.0.200.202301161003/tools/bin/../lib/gcc/arm-none-eabi/10.3.1/../../../../arm-none-eabi/lib/thumb/v7e-m+fp/hard\libm.a(lib_a-sf_scalbn.o)
                0x000000000800dd00                scalbnf
 *(.glue_7)
 .glue_7        0x000000000800dde4        0x0 linker stubs
 *(.glue_7t)
 .glue_7t       0x000000000800dde4        0x0 linker stubs
 *(.eh_frame)
 .eh_frame      0x000000000800dde4        0x0 c:/st/stm32cubeide_1.12.0/stm32cubeide/plugins/com.st.stm32cube.ide.mcu.externaltools.gnu-tools-for-stm32.10.3-2021.10.win32_1.0.200.202301161003/tools/bin/../lib/gcc/arm-none-eabi/10.3.1/thumb/v7e-m+fp/hard/crtbegin.o
 *(.init)
 .init          0x000000000800dde4        0x4 c:/st/stm32cubeide_1.12.0/stm32cubeide/plugins/com.st.stm32cube.ide.mcu.externaltools.gnu-tools-for-stm32.10.3-2021.10.win32_1.0.200.202301161003/tools/bin/../lib/gcc/arm-none-eabi/10.3.1/thumb/v7e-m+fp/hard/crti.o
                0x000000000800dde4                _init
 .init          0x000000000800dde8        0x8 c:/st/stm32cubeide_1.12.0/stm32cubeide/plugins/com.st.stm32cube.ide.mcu.externaltools.gnu-tools-for-stm32.10.3-2021.10.win32_1.0.200.202301161003/tools/bin/../lib/gcc/arm-none-eabi/10.3.1/thumb/v7e-m+fp/hard/crtn.o
 *(.fini)
 .fini          0x000000000800ddf0        0x4 c:/st/stm32cubeide_1.12.0/stm32cubeide/plugins/com.st.stm32cube.ide.mcu.externaltools.gnu-tools-for-stm32.10.3-2021.10.win32_1.0.200.202301161003/tools/bin/../lib/gcc/arm-none-eabi/10.3.1/thumb/v7e-m+fp/hard/crti.o
                0x000000000800ddf0                _fini
 .fini          0x000000000800ddf4        0x8 c:/st/stm32cubeide_1.12.0/stm32cubeide/plugins/com.st.stm32cube.ide.mcu.externaltools.gnu-tools-for-stm32.10.3-2021.10.win32_1.0.200.202301161003/tools/bin/../lib/gcc/arm-none-eabi/10.3.1/thumb/v7e-m+fp/hard/crtn.o
                0x000000000800ddfc                . = ALIGN (0x4)
                0x000000000800ddfc                _etext = .

.vfp11_veneer   0x000000000800ddfc        0x0
 .vfp11_veneer  0x000000000800ddfc        0x0 linker stubs

.v4_bx          0x000000000800ddfc        0x0
 .v4_bx         0x000000000800ddfc        0x0 linker stubs

.iplt           0x000000000800ddfc        0x0
 .iplt          0x000000000800ddfc        0x0 c:/st/stm32cubeide_1.12.0/stm32cubeide/plugins/com.st.stm32cube.ide.mcu.externaltools.gnu-tools-for-stm32.10.3-2021.10.win32_1.0.200.202301161003/tools/bin/../lib/gcc/arm-none-eabi/10.3.1/thumb/v7e-m+fp/hard/crtbegin.o

.rodata         0x000000000800de00      0x440
                0x000000000800de00                . = ALIGN (0x4)
 *(.rodata)
 .rodata        0x000000000800de00       0x18 ./Core/Src/main.o
 *(.rodata*)
 .rodata.AHBPrescTable
                0x000000000800de18       0x10 ./Core/Src/system_stm32f4xx.o
                0x000000000800de18                AHBPrescTable
 .rodata.APBPrescTable
                0x000000000800de28        0x8 ./Core/Src/system_stm32f4xx.o
                0x000000000800de28                APBPrescTable
 .rodata.flagBitshiftOffset.0
                0x000000000800de30        0x8 ./Drivers/STM32F4xx_HAL_Driver/Src/stm32f4xx_hal_dma.o
 .rodata.acos.str1.1
                0x000000000800de38        0x1 c:/st/stm32cubeide_1.12.0/stm32cubeide/plugins/com.st.stm32cube.ide.mcu.externaltools.gnu-tools-for-stm32.10.3-2021.10.win32_1.0.200.202301161003/tools/bin/../lib/gcc/arm-none-eabi/10.3.1/../../../../arm-none-eabi/lib/thumb/v7e-m+fp/hard\libm.a(lib_a-w_acos.o)
 *fill*         0x000000000800de39        0x7 
 .rodata.bp     0x000000000800de40       0x10 c:/st/stm32cubeide_1.12.0/stm32cubeide/plugins/com.st.stm32cube.ide.mcu.externaltools.gnu-tools-for-stm32.10.3-2021.10.win32_1.0.200.202301161003/tools/bin/../lib/gcc/arm-none-eabi/10.3.1/../../../../arm-none-eabi/lib/thumb/v7e-m+fp/hard\libm.a(lib_a-e_pow.o)
 .rodata.dp_h   0x000000000800de50       0x10 c:/st/stm32cubeide_1.12.0/stm32cubeide/plugins/com.st.stm32cube.ide.mcu.externaltools.gnu-tools-for-stm32.10.3-2021.10.win32_1.0.200.202301161003/tools/bin/../lib/gcc/arm-none-eabi/10.3.1/../../../../arm-none-eabi/lib/thumb/v7e-m+fp/hard\libm.a(lib_a-e_pow.o)
 .rodata.dp_l   0x000000000800de60       0x10 c:/st/stm32cubeide_1.12.0/stm32cubeide/plugins/com.st.stm32cube.ide.mcu.externaltools.gnu-tools-for-stm32.10.3-2021.10.win32_1.0.200.202301161003/tools/bin/../lib/gcc/arm-none-eabi/10.3.1/../../../../arm-none-eabi/lib/thumb/v7e-m+fp/hard\libm.a(lib_a-e_pow.o)
 .rodata.npio2_hw
                0x000000000800de70       0x80 c:/st/stm32cubeide_1.12.0/stm32cubeide/plugins/com.st.stm32cube.ide.mcu.externaltools.gnu-tools-for-stm32.10.3-2021.10.win32_1.0.200.202301161003/tools/bin/../lib/gcc/arm-none-eabi/10.3.1/../../../../arm-none-eabi/lib/thumb/v7e-m+fp/hard\libm.a(lib_a-ef_rem_pio2.o)
 .rodata.two_over_pi
                0x000000000800def0      0x318 c:/st/stm32cubeide_1.12.0/stm32cubeide/plugins/com.st.stm32cube.ide.mcu.externaltools.gnu-tools-for-stm32.10.3-2021.10.win32_1.0.200.202301161003/tools/bin/../lib/gcc/arm-none-eabi/10.3.1/../../../../arm-none-eabi/lib/thumb/v7e-m+fp/hard\libm.a(lib_a-ef_rem_pio2.o)
 .rodata.PIo2   0x000000000800e208       0x2c c:/st/stm32cubeide_1.12.0/stm32cubeide/plugins/com.st.stm32cube.ide.mcu.externaltools.gnu-tools-for-stm32.10.3-2021.10.win32_1.0.200.202301161003/tools/bin/../lib/gcc/arm-none-eabi/10.3.1/../../../../arm-none-eabi/lib/thumb/v7e-m+fp/hard\libm.a(lib_a-kf_rem_pio2.o)
 .rodata.init_jk
                0x000000000800e234        0xc c:/st/stm32cubeide_1.12.0/stm32cubeide/plugins/com.st.stm32cube.ide.mcu.externaltools.gnu-tools-for-stm32.10.3-2021.10.win32_1.0.200.202301161003/tools/bin/../lib/gcc/arm-none-eabi/10.3.1/../../../../arm-none-eabi/lib/thumb/v7e-m+fp/hard\libm.a(lib_a-kf_rem_pio2.o)
                0x000000000800e240                . = ALIGN (0x4)

.ARM.extab      0x000000000800e240        0x0
                0x000000000800e240                . = ALIGN (0x4)
 *(.ARM.extab* .gnu.linkonce.armextab.*)
                0x000000000800e240                . = ALIGN (0x4)

.ARM            0x000000000800e240        0x8
                0x000000000800e240                . = ALIGN (0x4)
                0x000000000800e240                __exidx_start = .
 *(.ARM.exidx*)
 .ARM.exidx     0x000000000800e240        0x8 c:/st/stm32cubeide_1.12.0/stm32cubeide/plugins/com.st.stm32cube.ide.mcu.externaltools.gnu-tools-for-stm32.10.3-2021.10.win32_1.0.200.202301161003/tools/bin/../lib/gcc/arm-none-eabi/10.3.1/thumb/v7e-m+fp/hard\libgcc.a(_udivmoddi4.o)
                0x000000000800e248                __exidx_end = .
                0x000000000800e248                . = ALIGN (0x4)

.rel.dyn        0x000000000800e248        0x0
 .rel.iplt      0x000000000800e248        0x0 c:/st/stm32cubeide_1.12.0/stm32cubeide/plugins/com.st.stm32cube.ide.mcu.externaltools.gnu-tools-for-stm32.10.3-2021.10.win32_1.0.200.202301161003/tools/bin/../lib/gcc/arm-none-eabi/10.3.1/thumb/v7e-m+fp/hard/crtbegin.o

.preinit_array  0x000000000800e248        0x0
                0x000000000800e248                . = ALIGN (0x4)
                0x000000000800e248                PROVIDE (__preinit_array_start = .)
 *(.preinit_array*)
                0x000000000800e248                PROVIDE (__preinit_array_end = .)
                0x000000000800e248                . = ALIGN (0x4)

.init_array     0x000000000800e248        0x4
                0x000000000800e248                . = ALIGN (0x4)
                0x000000000800e248                PROVIDE (__init_array_start = .)
 *(SORT_BY_NAME(.init_array.*))
 *(.init_array*)
 .init_array    0x000000000800e248        0x4 c:/st/stm32cubeide_1.12.0/stm32cubeide/plugins/com.st.stm32cube.ide.mcu.externaltools.gnu-tools-for-stm32.10.3-2021.10.win32_1.0.200.202301161003/tools/bin/../lib/gcc/arm-none-eabi/10.3.1/thumb/v7e-m+fp/hard/crtbegin.o
                0x000000000800e24c                PROVIDE (__init_array_end = .)
                0x000000000800e24c                . = ALIGN (0x4)

.fini_array     0x000000000800e24c        0x4
                0x000000000800e24c                . = ALIGN (0x4)
                [!provide]                        PROVIDE (__fini_array_start = .)
 *(SORT_BY_NAME(.fini_array.*))
 *(.fini_array*)
 .fini_array    0x000000000800e24c        0x4 c:/st/stm32cubeide_1.12.0/stm32cubeide/plugins/com.st.stm32cube.ide.mcu.externaltools.gnu-tools-for-stm32.10.3-2021.10.win32_1.0.200.202301161003/tools/bin/../lib/gcc/arm-none-eabi/10.3.1/thumb/v7e-m+fp/hard/crtbegin.o
                [!provide]                        PROVIDE (__fini_array_end = .)
                0x000000000800e250                . = ALIGN (0x4)
                0x000000000800e250                _sidata = LOADADDR (.data)

.data           0x0000000020000000      0x2f8 load address 0x000000000800e250
                0x0000000020000000                . = ALIGN (0x4)
                0x0000000020000000                _sdata = .
 *(.data)
 *(.data*)
 .data.auchCRCLo
                0x0000000020000000      0x100 ./Core/Src/ModBusRTU.o
 .data.auchCRCHi
                0x0000000020000100      0x100 ./Core/Src/ModBusRTU.o
 .data.joyPin   0x0000000020000200       0x20 ./Core/Src/main.o
                0x0000000020000200                joyPin
 .data.refXPos  0x0000000020000220        0x4 ./Core/Src/main.o
                0x0000000020000220                refXPos
 .data.refYPos  0x0000000020000224        0x4 ./Core/Src/main.o
                0x0000000020000224                refYPos
 .data.switchAxis
                0x0000000020000228        0x1 ./Core/Src/main.o
                0x0000000020000228                switchAxis
 .data.joyLogicLED
                0x0000000020000229        0x1 ./Core/Src/main.o
                0x0000000020000229                joyLogicLED
 *fill*         0x000000002000022a        0x2 
 .data.pilotLampPin
                0x000000002000022c       0x18 ./Core/Src/main.o
                0x000000002000022c                pilotLampPin
 .data.dirAxisY
                0x0000000020000244        0x1 ./Core/Src/main.o
                0x0000000020000244                dirAxisY
 .data.dirAxisX
                0x0000000020000245        0x1 ./Core/Src/main.o
                0x0000000020000245                dirAxisX
 *fill*         0x0000000020000246        0x2 
 .data.positionPID
                0x0000000020000248       0x10 ./Core/Src/main.o
                0x0000000020000248                positionPID
 .data.qddm     0x0000000020000258        0x4 ./Core/Src/main.o
                0x0000000020000258                qddm
 .data.qdm      0x000000002000025c        0x4 ./Core/Src/main.o
                0x000000002000025c                qdm
 .data.actualTime
                0x0000000020000260        0x4 ./Core/Src/main.o
                0x0000000020000260                actualTime
 .data.startSetHome
                0x0000000020000264        0x1 ./Core/Src/main.o
                0x0000000020000264                startSetHome
 *fill*         0x0000000020000265        0x3 
 .data.endEffector
                0x0000000020000268        0x6 ./Core/Src/main.o
                0x0000000020000268                endEffector
 *fill*         0x000000002000026e        0x2 
 .data.data.5   0x0000000020000270        0x2 ./Core/Src/main.o
 *fill*         0x0000000020000272        0x2 
 .data.data.4   0x0000000020000274        0x3 ./Core/Src/main.o
 *fill*         0x0000000020000277        0x1 
 .data.data.3   0x0000000020000278        0x1 ./Core/Src/main.o
 *fill*         0x0000000020000279        0x3 
 .data.data.2   0x000000002000027c        0x2 ./Core/Src/main.o
 *fill*         0x000000002000027e        0x2 
 .data.data.1   0x0000000020000280        0x2 ./Core/Src/main.o
 *fill*         0x0000000020000282        0x2 
 .data.data.0   0x0000000020000284        0x3 ./Core/Src/main.o
 *fill*         0x0000000020000287        0x1 
 .data.SystemCoreClock
                0x0000000020000288        0x4 ./Core/Src/system_stm32f4xx.o
                0x0000000020000288                SystemCoreClock
 .data.uwTickPrio
                0x000000002000028c        0x4 ./Drivers/STM32F4xx_HAL_Driver/Src/stm32f4xx_hal.o
                0x000000002000028c                uwTickPrio
 .data.uwTickFreq
                0x0000000020000290        0x1 ./Drivers/STM32F4xx_HAL_Driver/Src/stm32f4xx_hal.o
                0x0000000020000290                uwTickFreq
 *fill*         0x0000000020000291        0x3 
 .data._impure_ptr
                0x0000000020000294        0x4 c:/st/stm32cubeide_1.12.0/stm32cubeide/plugins/com.st.stm32cube.ide.mcu.externaltools.gnu-tools-for-stm32.10.3-2021.10.win32_1.0.200.202301161003/tools/bin/../lib/gcc/arm-none-eabi/10.3.1/../../../../arm-none-eabi/lib/thumb/v7e-m+fp/hard\libc_nano.a(lib_a-impure.o)
                0x0000000020000294                _impure_ptr
 .data.impure_data
                0x0000000020000298       0x60 c:/st/stm32cubeide_1.12.0/stm32cubeide/plugins/com.st.stm32cube.ide.mcu.externaltools.gnu-tools-for-stm32.10.3-2021.10.win32_1.0.200.202301161003/tools/bin/../lib/gcc/arm-none-eabi/10.3.1/../../../../arm-none-eabi/lib/thumb/v7e-m+fp/hard\libc_nano.a(lib_a-impure.o)
 *(.RamFunc)
 *(.RamFunc*)
                0x00000000200002f8                . = ALIGN (0x4)
                0x00000000200002f8                _edata = .

.igot.plt       0x00000000200002f8        0x0 load address 0x000000000800e548
 .igot.plt      0x00000000200002f8        0x0 c:/st/stm32cubeide_1.12.0/stm32cubeide/plugins/com.st.stm32cube.ide.mcu.externaltools.gnu-tools-for-stm32.10.3-2021.10.win32_1.0.200.202301161003/tools/bin/../lib/gcc/arm-none-eabi/10.3.1/thumb/v7e-m+fp/hard/crtbegin.o
                0x00000000200002f8                . = ALIGN (0x4)

.bss            0x00000000200002f8      0xc68 load address 0x000000000800e548
                0x00000000200002f8                _sbss = .
                0x00000000200002f8                __bss_start__ = _sbss
 *(.bss)
 .bss           0x00000000200002f8       0x1c c:/st/stm32cubeide_1.12.0/stm32cubeide/plugins/com.st.stm32cube.ide.mcu.externaltools.gnu-tools-for-stm32.10.3-2021.10.win32_1.0.200.202301161003/tools/bin/../lib/gcc/arm-none-eabi/10.3.1/thumb/v7e-m+fp/hard/crtbegin.o
 *(.bss*)
 .bss.hModbus   0x0000000020000314        0x4 ./Core/Src/ModBusRTU.o
                0x0000000020000314                hModbus
 .bss.hadc1     0x0000000020000318       0x48 ./Core/Src/main.o
                0x0000000020000318                hadc1
 .bss.hdma_adc1
                0x0000000020000360       0x60 ./Core/Src/main.o
                0x0000000020000360                hdma_adc1
 .bss.hi2c2     0x00000000200003c0       0x54 ./Core/Src/main.o
                0x00000000200003c0                hi2c2
 .bss.htim1     0x0000000020000414       0xb4 ./Core/Src/main.o
                0x0000000020000414                htim1
 .bss.htim2     0x00000000200004c8       0xb4 ./Core/Src/main.o
                0x00000000200004c8                htim2
 .bss.htim3     0x000000002000057c       0xb4 ./Core/Src/main.o
                0x000000002000057c                htim3
 .bss.htim5     0x0000000020000630       0xb4 ./Core/Src/main.o
                0x0000000020000630                htim5
 .bss.htim11    0x00000000200006e4       0xb4 ./Core/Src/main.o
                0x00000000200006e4                htim11
 .bss.huart2    0x0000000020000798       0x74 ./Core/Src/main.o
                0x0000000020000798                huart2
 .bss.hdma_usart2_tx
                0x000000002000080c       0x60 ./Core/Src/main.o
                0x000000002000080c                hdma_usart2_tx
 .bss.hmodbus   0x000000002000086c      0x4d8 ./Core/Src/main.o
                0x000000002000086c                hmodbus
 .bss.registerFrame
                0x0000000020000d44       0x8c ./Core/Src/main.o
                0x0000000020000d44                registerFrame
 .bss.Button1   0x0000000020000dd0        0x8 ./Core/Src/main.o
                0x0000000020000dd0                Button1
 .bss.buffer    0x0000000020000dd8       0x28 ./Core/Src/main.o
                0x0000000020000dd8                buffer
 .bss.countBottomB
                0x0000000020000e00        0x1 ./Core/Src/main.o
                0x0000000020000e00                countBottomB
 .bss.countTopB
                0x0000000020000e01        0x1 ./Core/Src/main.o
                0x0000000020000e01                countTopB
 .bss.countRightB
                0x0000000020000e02        0x1 ./Core/Src/main.o
                0x0000000020000e02                countRightB
 .bss.countLeftB
                0x0000000020000e03        0x1 ./Core/Src/main.o
                0x0000000020000e03                countLeftB
 .bss.joyLogic  0x0000000020000e04        0x1 ./Core/Src/main.o
                0x0000000020000e04                joyLogic
 *fill*         0x0000000020000e05        0x3 
 .bss.duty      0x0000000020000e08        0x4 ./Core/Src/main.o
                0x0000000020000e08                duty
 .bss.QEIReadRaw
                0x0000000020000e0c        0x4 ./Core/Src/main.o
                0x0000000020000e0c                QEIReadRaw
 .bss.QEIReadModified
                0x0000000020000e10        0x4 ./Core/Src/main.o
                0x0000000020000e10                QEIReadModified
 .bss.QEIHome   0x0000000020000e14        0x4 ./Core/Src/main.o
                0x0000000020000e14                QEIHome
 .bss.mmActPos  0x0000000020000e18        0x4 ./Core/Src/main.o
                0x0000000020000e18                mmActPos
 .bss.mmError   0x0000000020000e1c        0x4 ./Core/Src/main.o
                0x0000000020000e1c                mmError
 .bss.mmActVel  0x0000000020000e20        0x4 ./Core/Src/main.o
                0x0000000020000e20                mmActVel
 .bss.mmActAcc  0x0000000020000e24        0x4 ./Core/Src/main.o
                0x0000000020000e24                mmActAcc
 .bss.prePos    0x0000000020000e28        0x4 ./Core/Src/main.o
                0x0000000020000e28                prePos
 .bss.preVel    0x0000000020000e2c        0x4 ./Core/Src/main.o
                0x0000000020000e2c                preVel
 .bss.calibrateTrayInput
                0x0000000020000e30        0x1 ./Core/Src/main.o
                0x0000000020000e30                calibrateTrayInput
 *fill*         0x0000000020000e31        0x3 
 .bss.photoSig  0x0000000020000e34        0x3 ./Core/Src/main.o
                0x0000000020000e34                photoSig
 *fill*         0x0000000020000e37        0x1 
 .bss.objPickPos
                0x0000000020000e38       0x48 ./Core/Src/main.o
                0x0000000020000e38                objPickPos
 .bss.objPlacePos
                0x0000000020000e80       0x48 ./Core/Src/main.o
                0x0000000020000e80                objPlacePos
 .bss.trayPickX
                0x0000000020000ec8       0x18 ./Core/Src/main.o
                0x0000000020000ec8                trayPickX
 .bss.trayPickY
                0x0000000020000ee0       0x18 ./Core/Src/main.o
                0x0000000020000ee0                trayPickY
 .bss.trayPlaceX
                0x0000000020000ef8       0x18 ./Core/Src/main.o
                0x0000000020000ef8                trayPlaceX
 .bss.trayPlaceY
                0x0000000020000f10       0x18 ./Core/Src/main.o
                0x0000000020000f10                trayPlaceY
 .bss.checkPos  0x0000000020000f28        0x4 ./Core/Src/main.o
                0x0000000020000f28                checkPos
 .bss.checkVel  0x0000000020000f2c        0x4 ./Core/Src/main.o
                0x0000000020000f2c                checkVel
 .bss.checkAcc  0x0000000020000f30        0x4 ./Core/Src/main.o
                0x0000000020000f30                checkAcc
 .bss.myHomeState
                0x0000000020000f34        0x1 ./Core/Src/main.o
                0x0000000020000f34                myHomeState
 .bss.startPointModeY
                0x0000000020000f35        0x1 ./Core/Src/main.o
                0x0000000020000f35                startPointModeY
 *fill*         0x0000000020000f36        0x2 
 .bss.initPosY  0x0000000020000f38        0x4 ./Core/Src/main.o
                0x0000000020000f38                initPosY
 .bss.readStatus
                0x0000000020000f3c        0x1 ./Core/Src/main.o
                0x0000000020000f3c                readStatus
 *fill*         0x0000000020000f3d        0x3 
 .bss.endEffectorDataScan
                0x0000000020000f40        0x2 ./Core/Src/main.o
                0x0000000020000f40                endEffectorDataScan
 *fill*         0x0000000020000f42        0x2 
 .bss.robotArmStateDataScan
                0x0000000020000f44        0x2 ./Core/Src/main.o
                0x0000000020000f44                robotArmStateDataScan
 .bss.endEffectorState
                0x0000000020000f46        0x1 ./Core/Src/main.o
                0x0000000020000f46                endEffectorState
 .bss.startRunTray
                0x0000000020000f47        0x1 ./Core/Src/main.o
                0x0000000020000f47                startRunTray
 .bss.pathComplete
                0x0000000020000f48        0x1 ./Core/Src/main.o
                0x0000000020000f48                pathComplete
 .bss.runTrayModeCase
                0x0000000020000f49        0x1 ./Core/Src/main.o
                0x0000000020000f49                runTrayModeCase
 .bss.endEffectorPicking
                0x0000000020000f4a        0x1 ./Core/Src/main.o
                0x0000000020000f4a                endEffectorPicking
 .bss.joyStart  0x0000000020000f4b        0x1 ./Core/Src/main.o
                0x0000000020000f4b                joyStart
 .bss.passInit  0x0000000020000f4c        0x1 ./Core/Src/main.o
                0x0000000020000f4c                passInit
 .bss.checkGoPick
                0x0000000020000f4d        0x1 ./Core/Src/main.o
                0x0000000020000f4d                checkGoPick
 .bss.PIDCase   0x0000000020000f4e        0x1 ./Core/Src/main.o
                0x0000000020000f4e                PIDCase
 *fill*         0x0000000020000f4f        0x1 
 .bss.x         0x0000000020000f50        0x3 ./Core/Src/main.o
                0x0000000020000f50                x
 .bss.x2        0x0000000020000f53        0x1 ./Core/Src/main.o
                0x0000000020000f53                x2
 .bss.finalPIDChecky
                0x0000000020000f54        0x4 ./Core/Src/main.o
                0x0000000020000f54                finalPIDChecky
 .bss.timestamp.6
                0x0000000020000f58        0x4 ./Core/Src/main.o
 .bss.uwTick    0x0000000020000f5c        0x4 ./Drivers/STM32F4xx_HAL_Driver/Src/stm32f4xx_hal.o
                0x0000000020000f5c                uwTick
 *(COMMON)
                0x0000000020000f60                . = ALIGN (0x4)
                0x0000000020000f60                _ebss = .
                0x0000000020000f60                __bss_end__ = _ebss

._user_heap_stack
                0x0000000020000f60      0x600 load address 0x000000000800e548
                0x0000000020000f60                . = ALIGN (0x8)
                [!provide]                        PROVIDE (end = .)
                0x0000000020000f60                PROVIDE (_end = .)
                0x0000000020001160                . = (. + _Min_Heap_Size)
 *fill*         0x0000000020000f60      0x200 
                0x0000000020001560                . = (. + _Min_Stack_Size)
 *fill*         0x0000000020001160      0x400 
                0x0000000020001560                . = ALIGN (0x8)

/DISCARD/
 libc.a(*)
 libm.a(*)
 libgcc.a(*)

.ARM.attributes
                0x0000000000000000       0x30
 *(.ARM.attributes)
 .ARM.attributes
                0x0000000000000000       0x1e c:/st/stm32cubeide_1.12.0/stm32cubeide/plugins/com.st.stm32cube.ide.mcu.externaltools.gnu-tools-for-stm32.10.3-2021.10.win32_1.0.200.202301161003/tools/bin/../lib/gcc/arm-none-eabi/10.3.1/thumb/v7e-m+fp/hard/crti.o
 .ARM.attributes
                0x000000000000001e       0x34 c:/st/stm32cubeide_1.12.0/stm32cubeide/plugins/com.st.stm32cube.ide.mcu.externaltools.gnu-tools-for-stm32.10.3-2021.10.win32_1.0.200.202301161003/tools/bin/../lib/gcc/arm-none-eabi/10.3.1/thumb/v7e-m+fp/hard/crtbegin.o
 .ARM.attributes
                0x0000000000000052       0x34 ./Core/Src/ModBusRTU.o
 .ARM.attributes
                0x0000000000000086       0x34 ./Core/Src/main.o
 .ARM.attributes
                0x00000000000000ba       0x34 ./Core/Src/stm32f4xx_hal_msp.o
 .ARM.attributes
                0x00000000000000ee       0x34 ./Core/Src/stm32f4xx_it.o
 .ARM.attributes
                0x0000000000000122       0x34 ./Core/Src/system_stm32f4xx.o
 .ARM.attributes
                0x0000000000000156       0x21 ./Core/Startup/startup_stm32f411retx.o
 .ARM.attributes
                0x0000000000000177       0x34 ./Drivers/STM32F4xx_HAL_Driver/Src/stm32f4xx_hal.o
 .ARM.attributes
                0x00000000000001ab       0x34 ./Drivers/STM32F4xx_HAL_Driver/Src/stm32f4xx_hal_adc.o
 .ARM.attributes
                0x00000000000001df       0x34 ./Drivers/STM32F4xx_HAL_Driver/Src/stm32f4xx_hal_cortex.o
 .ARM.attributes
                0x0000000000000213       0x34 ./Drivers/STM32F4xx_HAL_Driver/Src/stm32f4xx_hal_dma.o
 .ARM.attributes
                0x0000000000000247       0x34 ./Drivers/STM32F4xx_HAL_Driver/Src/stm32f4xx_hal_gpio.o
 .ARM.attributes
                0x000000000000027b       0x34 ./Drivers/STM32F4xx_HAL_Driver/Src/stm32f4xx_hal_i2c.o
 .ARM.attributes
                0x00000000000002af       0x34 ./Drivers/STM32F4xx_HAL_Driver/Src/stm32f4xx_hal_rcc.o
 .ARM.attributes
                0x00000000000002e3       0x34 ./Drivers/STM32F4xx_HAL_Driver/Src/stm32f4xx_hal_tim.o
 .ARM.attributes
                0x0000000000000317       0x34 ./Drivers/STM32F4xx_HAL_Driver/Src/stm32f4xx_hal_tim_ex.o
 .ARM.attributes
                0x000000000000034b       0x34 ./Drivers/STM32F4xx_HAL_Driver/Src/stm32f4xx_hal_uart.o
 .ARM.attributes
                0x000000000000037f       0x34 c:/st/stm32cubeide_1.12.0/stm32cubeide/plugins/com.st.stm32cube.ide.mcu.externaltools.gnu-tools-for-stm32.10.3-2021.10.win32_1.0.200.202301161003/tools/bin/../lib/gcc/arm-none-eabi/10.3.1/../../../../arm-none-eabi/lib/thumb/v7e-m+fp/hard\libc_nano.a(lib_a-errno.o)
 .ARM.attributes
                0x00000000000003b3       0x34 c:/st/stm32cubeide_1.12.0/stm32cubeide/plugins/com.st.stm32cube.ide.mcu.externaltools.gnu-tools-for-stm32.10.3-2021.10.win32_1.0.200.202301161003/tools/bin/../lib/gcc/arm-none-eabi/10.3.1/../../../../arm-none-eabi/lib/thumb/v7e-m+fp/hard\libc_nano.a(lib_a-impure.o)
 .ARM.attributes
                0x00000000000003e7       0x34 c:/st/stm32cubeide_1.12.0/stm32cubeide/plugins/com.st.stm32cube.ide.mcu.externaltools.gnu-tools-for-stm32.10.3-2021.10.win32_1.0.200.202301161003/tools/bin/../lib/gcc/arm-none-eabi/10.3.1/../../../../arm-none-eabi/lib/thumb/v7e-m+fp/hard\libc_nano.a(lib_a-init.o)
 .ARM.attributes
                0x000000000000041b       0x34 c:/st/stm32cubeide_1.12.0/stm32cubeide/plugins/com.st.stm32cube.ide.mcu.externaltools.gnu-tools-for-stm32.10.3-2021.10.win32_1.0.200.202301161003/tools/bin/../lib/gcc/arm-none-eabi/10.3.1/../../../../arm-none-eabi/lib/thumb/v7e-m+fp/hard\libc_nano.a(lib_a-memcpy-stub.o)
 .ARM.attributes
                0x000000000000044f       0x34 c:/st/stm32cubeide_1.12.0/stm32cubeide/plugins/com.st.stm32cube.ide.mcu.externaltools.gnu-tools-for-stm32.10.3-2021.10.win32_1.0.200.202301161003/tools/bin/../lib/gcc/arm-none-eabi/10.3.1/../../../../arm-none-eabi/lib/thumb/v7e-m+fp/hard\libc_nano.a(lib_a-memset.o)
 .ARM.attributes
                0x0000000000000483       0x34 c:/st/stm32cubeide_1.12.0/stm32cubeide/plugins/com.st.stm32cube.ide.mcu.externaltools.gnu-tools-for-stm32.10.3-2021.10.win32_1.0.200.202301161003/tools/bin/../lib/gcc/arm-none-eabi/10.3.1/../../../../arm-none-eabi/lib/thumb/v7e-m+fp/hard\libm.a(lib_a-sf_cos.o)
 .ARM.attributes
                0x00000000000004b7       0x34 c:/st/stm32cubeide_1.12.0/stm32cubeide/plugins/com.st.stm32cube.ide.mcu.externaltools.gnu-tools-for-stm32.10.3-2021.10.win32_1.0.200.202301161003/tools/bin/../lib/gcc/arm-none-eabi/10.3.1/../../../../arm-none-eabi/lib/thumb/v7e-m+fp/hard\libm.a(lib_a-sf_sin.o)
 .ARM.attributes
                0x00000000000004eb       0x34 c:/st/stm32cubeide_1.12.0/stm32cubeide/plugins/com.st.stm32cube.ide.mcu.externaltools.gnu-tools-for-stm32.10.3-2021.10.win32_1.0.200.202301161003/tools/bin/../lib/gcc/arm-none-eabi/10.3.1/../../../../arm-none-eabi/lib/thumb/v7e-m+fp/hard\libm.a(lib_a-w_acos.o)
 .ARM.attributes
                0x000000000000051f       0x34 c:/st/stm32cubeide_1.12.0/stm32cubeide/plugins/com.st.stm32cube.ide.mcu.externaltools.gnu-tools-for-stm32.10.3-2021.10.win32_1.0.200.202301161003/tools/bin/../lib/gcc/arm-none-eabi/10.3.1/../../../../arm-none-eabi/lib/thumb/v7e-m+fp/hard\libm.a(lib_a-w_pow.o)
 .ARM.attributes
                0x0000000000000553       0x34 c:/st/stm32cubeide_1.12.0/stm32cubeide/plugins/com.st.stm32cube.ide.mcu.externaltools.gnu-tools-for-stm32.10.3-2021.10.win32_1.0.200.202301161003/tools/bin/../lib/gcc/arm-none-eabi/10.3.1/../../../../arm-none-eabi/lib/thumb/v7e-m+fp/hard\libm.a(lib_a-e_acos.o)
 .ARM.attributes
                0x0000000000000587       0x34 c:/st/stm32cubeide_1.12.0/stm32cubeide/plugins/com.st.stm32cube.ide.mcu.externaltools.gnu-tools-for-stm32.10.3-2021.10.win32_1.0.200.202301161003/tools/bin/../lib/gcc/arm-none-eabi/10.3.1/../../../../arm-none-eabi/lib/thumb/v7e-m+fp/hard\libm.a(lib_a-e_pow.o)
 .ARM.attributes
                0x00000000000005bb       0x34 c:/st/stm32cubeide_1.12.0/stm32cubeide/plugins/com.st.stm32cube.ide.mcu.externaltools.gnu-tools-for-stm32.10.3-2021.10.win32_1.0.200.202301161003/tools/bin/../lib/gcc/arm-none-eabi/10.3.1/../../../../arm-none-eabi/lib/thumb/v7e-m+fp/hard\libm.a(lib_a-e_sqrt.o)
 .ARM.attributes
                0x00000000000005ef       0x34 c:/st/stm32cubeide_1.12.0/stm32cubeide/plugins/com.st.stm32cube.ide.mcu.externaltools.gnu-tools-for-stm32.10.3-2021.10.win32_1.0.200.202301161003/tools/bin/../lib/gcc/arm-none-eabi/10.3.1/../../../../arm-none-eabi/lib/thumb/v7e-m+fp/hard\libm.a(lib_a-ef_rem_pio2.o)
 .ARM.attributes
                0x0000000000000623       0x34 c:/st/stm32cubeide_1.12.0/stm32cubeide/plugins/com.st.stm32cube.ide.mcu.externaltools.gnu-tools-for-stm32.10.3-2021.10.win32_1.0.200.202301161003/tools/bin/../lib/gcc/arm-none-eabi/10.3.1/../../../../arm-none-eabi/lib/thumb/v7e-m+fp/hard\libm.a(lib_a-kf_cos.o)
 .ARM.attributes
                0x0000000000000657       0x34 c:/st/stm32cubeide_1.12.0/stm32cubeide/plugins/com.st.stm32cube.ide.mcu.externaltools.gnu-tools-for-stm32.10.3-2021.10.win32_1.0.200.202301161003/tools/bin/../lib/gcc/arm-none-eabi/10.3.1/../../../../arm-none-eabi/lib/thumb/v7e-m+fp/hard\libm.a(lib_a-kf_rem_pio2.o)
 .ARM.attributes