../Core/Src/main.c:358:5:main	16	static
../Core/Src/main.c:477:6:SystemClock_Config	88	static
../Core/Src/main.c:521:13:MX_ADC1_Init	24	static
../Core/Src/main.c:578:13:MX_I2C2_Init	8	static
../Core/Src/main.c:610:13:MX_TIM1_Init	80	static
../Core/Src/main.c:673:13:MX_TIM2_Init	32	static
../Core/Src/main.c:715:13:MX_TIM3_Init	32	static
../Core/Src/main.c:757:13:MX_TIM5_Init	56	static
../Core/Src/main.c:804:13:MX_TIM11_Init	40	static
../Core/Src/main.c:849:13:MX_USART2_UART_Init	8	static
../Core/Src/main.c:878:13:MX_DMA_Init	16	static
../Core/Src/main.c:899:13:MX_GPIO_Init	48	static
../Core/Src/main.c:986:6:HAL_TIM_PeriodElapsedCallback	24	static
../Core/Src/main.c:1027:6:runTrayMode	8	static
../Core/Src/main.c:1111:6:endEffectorPick	8	static
../Core/Src/main.c:1137:6:endEffectorPlace	8	static
../Core/Src/main.c:1167:6:setMotor	8	static
../Core/Src/main.c:1176:6:readEncoder	4	static
../Core/Src/main.c:1181:6:setHome	8	static
../Core/Src/main.c:1227:6:cascadePIDControl	4	static
../Core/Src/main.c:1232:7:positionLoop	24	static
../Core/Src/main.c:1245:6:velocityLoop	24	static
../Core/Src/main.c:1264:6:onlyPositionControl	40	static
../Core/Src/main.c:1322:6:onlyPositionControlPointMode	40	static
../Core/Src/main.c:1352:6:jogAxisY	8	static
../Core/Src/main.c:1455:6:photoDetect	8	static
../Core/Src/main.c:1461:17:trapezoidalTraj	120	static
../Core/Src/main.c:1575:6:calibrateTray	112	static
../Core/Src/main.c:1628:7:rotatePoint	72	static
../Core/Src/main.c:1646:6:buttonInput	16	static
../Core/Src/main.c:1671:6:buttonLogic	40	static
../Core/Src/main.c:1756:6:joyDisplayLED	8	static
../Core/Src/main.c:1772:6:robotArmState	16	static
../Core/Src/main.c:1844:6:jogAxisX	4	static
../Core/Src/main.c:1859:6:HAL_ADC_ConvCallback	16	static
../Core/Src/main.c:1863:6:handleEmergency	8	static
../Core/Src/main.c:1879:6:pilotLamp	16	static
../Core/Src/main.c:1884:6:endEffectorControl	32	static
../Core/Src/main.c:1945:6:endEffectorStatusControl	16	static
../Core/Src/main.c:2021:6:Error_Handler	4	static,ignoring_inline_asm
