../Core/Src/main.c:184:5:main	8	static
../Core/Src/main.c:250:6:SystemClock_Config	88	static
../Core/Src/main.c:294:13:MX_ADC1_Init	24	static
../Core/Src/main.c:351:13:MX_TIM1_Init	80	static
../Core/Src/main.c:414:13:MX_TIM2_Init	32	static
../Core/Src/main.c:456:13:MX_TIM5_Init	56	static
../Core/Src/main.c:503:13:MX_USART2_UART_Init	8	static
../Core/Src/main.c:532:13:MX_DMA_Init	16	static
../Core/Src/main.c:549:13:MX_GPIO_Init	48	static
../Core/Src/main.c:617:6:HAL_TIM_PeriodElapsedCallback	16	static
../Core/Src/main.c:631:6:calibrateTray	4	static
../Core/Src/main.c:653:6:setMotor	8	static
../Core/Src/main.c:662:6:readEncoder	4	static
../Core/Src/main.c:666:6:cascadePIDControl	16	static
../Core/Src/main.c:673:6:positionLoop	24	static
../Core/Src/main.c:697:6:velocityLoop	16	static
../Core/Src/main.c:702:6:handleJoystick	4	static
../Core/Src/main.c:722:6:handleJoystick2	4	static
../Core/Src/main.c:742:6:buttonInput	16	static
../Core/Src/main.c:753:6:buttonLogic	8	static
../Core/Src/main.c:772:6:calVelocity	8	static
../Core/Src/main.c:776:6:photoDetect	8	static
../Core/Src/main.c:783:17:trapezoidalTraj	112	static
../Core/Src/main.c:856:6:HAL_ADC_ConvCallback	16	static
../Core/Src/main.c:865:6:Error_Handler	4	static,ignoring_inline_asm
