../Core/Src/main.c:281:5:main	8	static
../Core/Src/main.c:354:6:SystemClock_Config	88	static
../Core/Src/main.c:401:13:MX_ADC1_Init	24	static
../Core/Src/main.c:462:13:MX_TIM1_Init	80	static
../Core/Src/main.c:527:13:MX_TIM2_Init	32	static
../Core/Src/main.c:572:13:MX_TIM3_Init	32	static
../Core/Src/main.c:617:13:MX_TIM5_Init	56	static
../Core/Src/main.c:666:13:MX_TIM11_Init	40	static
../Core/Src/main.c:715:13:MX_USART2_UART_Init	8	static
../Core/Src/main.c:746:13:MX_DMA_Init	16	static
../Core/Src/main.c:768:13:MX_GPIO_Init	48	static
../Core/Src/main.c:854:6:HAL_TIM_PeriodElapsedCallback	24	static
../Core/Src/main.c:878:6:setMotor	8	static
../Core/Src/main.c:887:6:readEncoder	4	static
../Core/Src/main.c:892:6:setHome	8	static
../Core/Src/main.c:931:6:cascadePIDControl	4	static
../Core/Src/main.c:936:7:positionLoop	24	static
../Core/Src/main.c:949:6:velocityLoop	24	static
../Core/Src/main.c:968:6:onlyPositionControl	40	static
../Core/Src/main.c:994:6:jogAxisY	4	static
../Core/Src/main.c:1014:6:photoDetect	8	static
../Core/Src/main.c:1020:17:trapezoidalTraj	128	static
../Core/Src/main.c:1124:6:calibrateTray	88	static
../Core/Src/main.c:1177:7:rotatePoint	72	static
../Core/Src/main.c:1195:6:buttonInput	16	static
../Core/Src/main.c:1220:6:buttonLogic	72	static
../Core/Src/main.c:1310:6:joyDisplayLED	8	static
../Core/Src/main.c:1326:6:robotArmState	16	static
../Core/Src/main.c:1383:6:jogAxisX	4	static
../Core/Src/main.c:1398:6:HAL_ADC_ConvCallback	16	static
../Core/Src/main.c:1402:6:handleEmergency	8	static
../Core/Src/main.c:1409:6:pilotLamp	16	static
../Core/Src/main.c:1433:6:Error_Handler	4	static,ignoring_inline_asm
