../Core/Src/main.c:304:5:main	8	static
../Core/Src/main.c:381:6:SystemClock_Config	88	static
../Core/Src/main.c:428:13:MX_ADC1_Init	24	static
../Core/Src/main.c:489:13:MX_I2C2_Init	8	static
../Core/Src/main.c:523:13:MX_TIM1_Init	80	static
../Core/Src/main.c:588:13:MX_TIM2_Init	32	static
../Core/Src/main.c:633:13:MX_TIM3_Init	32	static
../Core/Src/main.c:678:13:MX_TIM5_Init	56	static
../Core/Src/main.c:727:13:MX_TIM11_Init	40	static
../Core/Src/main.c:776:13:MX_USART2_UART_Init	8	static
../Core/Src/main.c:807:13:MX_DMA_Init	16	static
../Core/Src/main.c:829:13:MX_GPIO_Init	48	static
../Core/Src/main.c:915:6:HAL_TIM_PeriodElapsedCallback	24	static
../Core/Src/main.c:945:6:setMotor	8	static
../Core/Src/main.c:954:6:readEncoder	4	static
../Core/Src/main.c:959:6:setHome	8	static
../Core/Src/main.c:998:6:cascadePIDControl	4	static
../Core/Src/main.c:1003:7:positionLoop	24	static
../Core/Src/main.c:1016:6:velocityLoop	24	static
../Core/Src/main.c:1035:6:onlyPositionControl	40	static
../Core/Src/main.c:1061:6:jogAxisY	4	static
../Core/Src/main.c:1081:6:photoDetect	8	static
../Core/Src/main.c:1087:17:trapezoidalTraj	128	static
../Core/Src/main.c:1190:6:calibrateTray	88	static
../Core/Src/main.c:1243:7:rotatePoint	72	static
../Core/Src/main.c:1261:6:buttonInput	16	static
../Core/Src/main.c:1286:6:buttonLogic	72	static
../Core/Src/main.c:1369:6:joyDisplayLED	8	static
../Core/Src/main.c:1385:6:robotArmState	16	static
../Core/Src/main.c:1466:6:jogAxisX	4	static
../Core/Src/main.c:1481:6:HAL_ADC_ConvCallback	16	static
../Core/Src/main.c:1485:6:handleEmergency	8	static
../Core/Src/main.c:1492:6:pilotLamp	16	static
../Core/Src/main.c:1498:6:endEffectorControl	32	static
../Core/Src/main.c:1554:6:endEffectorStatusControl	16	static
../Core/Src/main.c:1589:6:Error_Handler	4	static,ignoring_inline_asm
