../Core/Src/main.c:242:5:main	8	static
../Core/Src/main.c:315:6:SystemClock_Config	88	static
../Core/Src/main.c:362:13:MX_ADC1_Init	24	static
../Core/Src/main.c:423:13:MX_TIM1_Init	80	static
../Core/Src/main.c:488:13:MX_TIM2_Init	32	static
../Core/Src/main.c:533:13:MX_TIM5_Init	56	static
../Core/Src/main.c:582:13:MX_USART2_UART_Init	8	static
../Core/Src/main.c:613:13:MX_DMA_Init	16	static
../Core/Src/main.c:631:13:MX_GPIO_Init	48	static
../Core/Src/main.c:701:6:HAL_TIM_PeriodElapsedCallback	16	static
../Core/Src/main.c:730:6:setMotor	8	static
../Core/Src/main.c:739:6:readEncoder	4	static
../Core/Src/main.c:743:6:cascadePIDControl	32	static
../Core/Src/main.c:748:7:positionLoop	24	static
../Core/Src/main.c:764:7:kalmanFilter	24	static
../Core/Src/main.c:771:6:kalmanLap	8	static
../Core/Src/main.c:778:6:velocityLoop	24	static
../Core/Src/main.c:797:6:onlyPositionControl	32	static
../Core/Src/main.c:826:6:handleJoystick	4	static
../Core/Src/main.c:846:6:handleJoystick2	4	static
../Core/Src/main.c:866:6:buttonInput	16	static
../Core/Src/main.c:877:6:buttonLogic	8	static
../Core/Src/main.c:896:6:photoDetect	8	static
../Core/Src/main.c:902:17:trapezoidalTraj	128	static
../Core/Src/main.c:989:6:calibrateTray	80	static
../Core/Src/main.c:1020:7:rotatePoint	72	static
../Core/Src/main.c:1039:6:robotArmState	16	static
../Core/Src/main.c:1060:6:HAL_ADC_ConvCallback	16	static
../Core/Src/main.c:1069:6:Error_Handler	4	static,ignoring_inline_asm
