../Core/Src/main.c:264:5:main	8	static
../Core/Src/main.c:334:6:SystemClock_Config	88	static
../Core/Src/main.c:378:13:MX_ADC1_Init	24	static
../Core/Src/main.c:435:13:MX_TIM1_Init	80	static
../Core/Src/main.c:498:13:MX_TIM2_Init	32	static
../Core/Src/main.c:540:13:MX_TIM3_Init	32	static
../Core/Src/main.c:582:13:MX_TIM5_Init	56	static
../Core/Src/main.c:629:13:MX_TIM11_Init	40	static
../Core/Src/main.c:674:13:MX_USART2_UART_Init	8	static
../Core/Src/main.c:703:13:MX_DMA_Init	16	static
../Core/Src/main.c:724:13:MX_GPIO_Init	48	static
../Core/Src/main.c:794:6:HAL_TIM_PeriodElapsedCallback	16	static
../Core/Src/main.c:835:6:setMotor	8	static
../Core/Src/main.c:844:6:readEncoder	4	static
../Core/Src/main.c:849:6:setHome	8	static
../Core/Src/main.c:888:6:cascadePIDControl	4	static
../Core/Src/main.c:893:7:positionLoop	24	static
../Core/Src/main.c:909:6:velocityLoop	24	static
../Core/Src/main.c:928:6:onlyPositionControl	40	static
../Core/Src/main.c:957:6:handleJoystick	4	static
../Core/Src/main.c:977:6:jogAxisY	4	static
../Core/Src/main.c:997:6:photoDetect	8	static
../Core/Src/main.c:1003:17:trapezoidalTraj	112	static
../Core/Src/main.c:1093:6:calibrateTray	104	static
../Core/Src/main.c:1163:7:rotatePoint	72	static
../Core/Src/main.c:1181:6:buttonInput	16	static
../Core/Src/main.c:1206:6:buttonLogic	16	static
../Core/Src/main.c:1289:6:robotArmState	16	static
../Core/Src/main.c:1336:6:jogAxisX	4	static
../Core/Src/main.c:1354:6:writeYAxisToBaseSys	4	static
../Core/Src/main.c:1361:6:HAL_ADC_ConvCallback	16	static
../Core/Src/main.c:1366:7:kalmanFilter	24	static
../Core/Src/main.c:1373:6:kalmanLap	8	static
../Core/Src/main.c:1385:6:Error_Handler	4	static,ignoring_inline_asm
