../Core/Src/main.c:156:5:main	8	static
../Core/Src/main.c:220:6:SystemClock_Config	88	static
../Core/Src/main.c:267:13:MX_ADC1_Init	24	static
../Core/Src/main.c:328:13:MX_TIM1_Init	80	static
../Core/Src/main.c:393:13:MX_TIM2_Init	32	static
../Core/Src/main.c:438:13:MX_TIM5_Init	56	static
../Core/Src/main.c:487:13:MX_USART2_UART_Init	8	static
../Core/Src/main.c:518:13:MX_DMA_Init	16	static
../Core/Src/main.c:536:13:MX_GPIO_Init	48	static
../Core/Src/main.c:604:6:HAL_TIM_PeriodElapsedCallback	16	static
../Core/Src/main.c:615:6:setMotor	8	static
../Core/Src/main.c:624:6:readEncoder	4	static
../Core/Src/main.c:627:6:positionControl	16	static
../Core/Src/main.c:654:6:velocityControl	4	static
../Core/Src/main.c:659:6:handleJoystick	4	static
../Core/Src/main.c:679:6:handleJoystick2	4	static
../Core/Src/main.c:699:6:buttonInput	16	static
../Core/Src/main.c:710:6:buttonLogic	8	static
../Core/Src/main.c:729:6:calVelocity	4	static
../Core/Src/main.c:733:6:photoDetect	8	static
../Core/Src/main.c:739:7:kalmanFilter	16	static
../Core/Src/main.c:754:17:trapezoidalTraj	88	static
../Core/Src/main.c:782:6:HAL_ADC_ConvCallback	16	static
../Core/Src/main.c:791:6:Error_Handler	4	static,ignoring_inline_asm
