../Core/Src/main.c:104:5:main	8	static
../Core/Src/main.c:164:6:SystemClock_Config	88	static
../Core/Src/main.c:211:13:MX_ADC1_Init	24	static
../Core/Src/main.c:272:13:MX_I2C1_Init	8	static
../Core/Src/main.c:306:13:MX_TIM1_Init	80	static
../Core/Src/main.c:371:13:MX_TIM2_Init	32	static
../Core/Src/main.c:416:13:MX_TIM5_Init	56	static
../Core/Src/main.c:465:13:MX_USART2_UART_Init	8	static
../Core/Src/main.c:496:13:MX_DMA_Init	16	static
../Core/Src/main.c:514:13:MX_GPIO_Init	48	static
../Core/Src/main.c:557:6:HAL_TIM_PeriodElapsedCallback	16	static
../Core/Src/main.c:564:6:setMotor	8	static
../Core/Src/main.c:573:6:readEncoder	4	static
../Core/Src/main.c:576:6:positionControl	4	static
../Core/Src/main.c:580:6:velocityControl	4	static
../Core/Src/main.c:590:6:Error_Handler	4	static,ignoring_inline_asm
