../Core/Src/main.c:108:5:main	8	static
../Core/Src/main.c:172:6:SystemClock_Config	88	static
../Core/Src/main.c:219:13:MX_ADC1_Init	24	static
../Core/Src/main.c:280:13:MX_I2C1_Init	8	static
../Core/Src/main.c:314:13:MX_TIM1_Init	80	static
../Core/Src/main.c:379:13:MX_TIM2_Init	32	static
../Core/Src/main.c:424:13:MX_TIM5_Init	56	static
../Core/Src/main.c:473:13:MX_USART2_UART_Init	8	static
../Core/Src/main.c:504:13:MX_DMA_Init	16	static
../Core/Src/main.c:522:13:MX_GPIO_Init	48	static
../Core/Src/main.c:571:6:HAL_TIM_PeriodElapsedCallback	16	static
../Core/Src/main.c:580:6:setMotor	8	static
../Core/Src/main.c:589:6:readEncoder	4	static
../Core/Src/main.c:592:6:positionControl	4	static
../Core/Src/main.c:596:6:velocityControl	4	static
../Core/Src/main.c:601:6:handleJoystick	4	static
../Core/Src/main.c:621:6:HAL_ADC_ConvCallback	16	static
../Core/Src/main.c:630:6:Error_Handler	4	static,ignoring_inline_asm
