../Core/Src/main.c:75:5:main	8	static
../Core/Src/main.c:127:6:SystemClock_Config	88	static
../Core/Src/main.c:174:13:MX_TIM1_Init	80	static
../Core/Src/main.c:239:13:MX_TIM2_Init	32	static
../Core/Src/main.c:284:13:MX_TIM5_Init	56	static
../Core/Src/main.c:333:13:MX_USART2_UART_Init	8	static
../Core/Src/main.c:366:13:MX_GPIO_Init	48	static
../Core/Src/main.c:409:6:HAL_TIM_PeriodElapsedCallback	16	static
../Core/Src/main.c:418:6:setMotor	8	static
../Core/Src/main.c:436:6:Error_Handler	4	static,ignoring_inline_asm
