../Core/Src/main.c:248:5:main	8	static
../Core/Src/main.c:320:6:SystemClock_Config	88	static
../Core/Src/main.c:367:13:MX_ADC1_Init	24	static
../Core/Src/main.c:428:13:MX_TIM1_Init	80	static
../Core/Src/main.c:493:13:MX_TIM2_Init	32	static
../Core/Src/main.c:538:13:MX_TIM3_Init	32	static
../Core/Src/main.c:583:13:MX_TIM5_Init	56	static
../Core/Src/main.c:632:13:MX_TIM11_Init	40	static
../Core/Src/main.c:681:13:MX_USART2_UART_Init	8	static
../Core/Src/main.c:712:13:MX_DMA_Init	16	static
../Core/Src/main.c:734:13:MX_GPIO_Init	48	static
../Core/Src/main.c:804:6:HAL_TIM_PeriodElapsedCallback	16	static
../Core/Src/main.c:827:6:setMotor	8	static
../Core/Src/main.c:836:6:readEncoder	4	static
../Core/Src/main.c:840:6:cascadePIDControl	4	static
../Core/Src/main.c:845:7:positionLoop	24	static
../Core/Src/main.c:861:6:velocityLoop	24	static
../Core/Src/main.c:880:6:onlyPositionControl	40	static
../Core/Src/main.c:909:6:handleJoystick	4	static
../Core/Src/main.c:929:6:handleJoystick2	4	static
../Core/Src/main.c:949:6:buttonInput	16	static
../Core/Src/main.c:967:6:buttonLogic	16	static
../Core/Src/main.c:1024:6:jogMode	8	static
../Core/Src/main.c:1030:6:photoDetect	8	static
../Core/Src/main.c:1036:17:trapezoidalTraj	112	static
../Core/Src/main.c:1123:6:calibrateTray	80	static
../Core/Src/main.c:1157:7:rotatePoint	72	static
../Core/Src/main.c:1175:6:robotArmState	16	static
../Core/Src/main.c:1191:6:setHome	16	static
../Core/Src/main.c:1233:6:HAL_ADC_ConvCallback	16	static
../Core/Src/main.c:1238:7:kalmanFilter	24	static
../Core/Src/main.c:1245:6:kalmanLap	8	static
../Core/Src/main.c:1257:6:Error_Handler	4	static,ignoring_inline_asm
