../Core/Src/main.c:339:5:main	16	static
../Core/Src/main.c:448:6:SystemClock_Config	88	static
../Core/Src/main.c:492:13:MX_ADC1_Init	24	static
../Core/Src/main.c:549:13:MX_I2C2_Init	8	static
../Core/Src/main.c:581:13:MX_TIM1_Init	80	static
../Core/Src/main.c:644:13:MX_TIM2_Init	32	static
../Core/Src/main.c:686:13:MX_TIM3_Init	32	static
../Core/Src/main.c:728:13:MX_TIM5_Init	56	static
../Core/Src/main.c:775:13:MX_TIM11_Init	40	static
../Core/Src/main.c:820:13:MX_USART2_UART_Init	8	static
../Core/Src/main.c:849:13:MX_DMA_Init	16	static
../Core/Src/main.c:870:13:MX_GPIO_Init	48	static
../Core/Src/main.c:957:6:HAL_TIM_PeriodElapsedCallback	24	static
../Core/Src/main.c:991:6:runTrayMode	8	static
../Core/Src/main.c:1069:6:endEffectorPick	8	static
../Core/Src/main.c:1115:6:endEffectorPlace	8	static
../Core/Src/main.c:1161:6:setMotor	8	static
../Core/Src/main.c:1170:6:readEncoder	4	static
../Core/Src/main.c:1175:6:setHome	8	static
../Core/Src/main.c:1218:6:cascadePIDControl	4	static
../Core/Src/main.c:1223:7:positionLoop	24	static
../Core/Src/main.c:1236:6:velocityLoop	24	static
../Core/Src/main.c:1255:6:onlyPositionControl	40	static
../Core/Src/main.c:1314:6:jogAxisY	8	static
../Core/Src/main.c:1336:6:photoDetect	8	static
../Core/Src/main.c:1342:17:trapezoidalTraj	120	static
../Core/Src/main.c:1455:6:calibrateTray	88	static
../Core/Src/main.c:1508:7:rotatePoint	72	static
../Core/Src/main.c:1526:6:buttonInput	16	static
../Core/Src/main.c:1551:6:buttonLogic	72	static
../Core/Src/main.c:1634:6:joyDisplayLED	8	static
../Core/Src/main.c:1650:6:robotArmState	16	static
../Core/Src/main.c:1720:6:jogAxisX	4	static
../Core/Src/main.c:1735:6:HAL_ADC_ConvCallback	16	static
../Core/Src/main.c:1739:6:handleEmergency	8	static
../Core/Src/main.c:1746:6:pilotLamp	16	static
../Core/Src/main.c:1751:6:endEffectorControl	32	static
../Core/Src/main.c:1808:6:endEffectorStatusControl	16	static
../Core/Src/main.c:1860:6:Error_Handler	4	static,ignoring_inline_asm
