../Core/Src/main.c:351:5:main	16	static
../Core/Src/main.c:544:6:SystemClock_Config	88	static
../Core/Src/main.c:588:13:MX_ADC1_Init	24	static
../Core/Src/main.c:645:13:MX_I2C2_Init	8	static
../Core/Src/main.c:677:13:MX_TIM1_Init	80	static
../Core/Src/main.c:740:13:MX_TIM2_Init	32	static
../Core/Src/main.c:782:13:MX_TIM3_Init	32	static
../Core/Src/main.c:824:13:MX_TIM5_Init	56	static
../Core/Src/main.c:871:13:MX_TIM11_Init	40	static
../Core/Src/main.c:916:13:MX_USART2_UART_Init	8	static
../Core/Src/main.c:945:13:MX_DMA_Init	16	static
../Core/Src/main.c:966:13:MX_GPIO_Init	48	static
../Core/Src/main.c:1053:6:HAL_TIM_PeriodElapsedCallback	24	static
../Core/Src/main.c:1087:6:runTrayMode	8	static
../Core/Src/main.c:1181:6:endEffectorPick	8	static
../Core/Src/main.c:1219:6:endEffectorPlace	8	static
../Core/Src/main.c:1260:6:setMotor	8	static
../Core/Src/main.c:1269:6:readEncoder	4	static
../Core/Src/main.c:1274:6:setHome	8	static
../Core/Src/main.c:1317:6:cascadePIDControl	4	static
../Core/Src/main.c:1322:7:positionLoop	24	static
../Core/Src/main.c:1335:6:velocityLoop	24	static
../Core/Src/main.c:1354:6:onlyPositionControl	40	static
../Core/Src/main.c:1412:6:onlyPositionControlPointMode	40	static
../Core/Src/main.c:1442:6:jogAxisY	8	static
../Core/Src/main.c:1545:6:photoDetect	8	static
../Core/Src/main.c:1551:17:trapezoidalTraj	120	static
../Core/Src/main.c:1665:6:calibrateTray	120	static
../Core/Src/main.c:1718:7:rotatePoint	56	static
../Core/Src/main.c:1736:6:buttonInput	16	static
../Core/Src/main.c:1761:6:buttonLogic	40	static
../Core/Src/main.c:1846:6:joyDisplayLED	8	static
../Core/Src/main.c:1862:6:robotArmState	16	static
../Core/Src/main.c:1934:6:jogAxisX	4	static
../Core/Src/main.c:1949:6:HAL_ADC_ConvCallback	16	static
../Core/Src/main.c:1953:6:handleEmergency	8	static
../Core/Src/main.c:1960:6:pilotLamp	16	static
../Core/Src/main.c:1965:6:endEffectorControl	32	static
../Core/Src/main.c:2026:6:endEffectorStatusControl	16	static
../Core/Src/main.c:2079:6:Error_Handler	4	static,ignoring_inline_asm
