../Core/Src/main.c:116:5:main	8	static
../Core/Src/main.c:173:6:SystemClock_Config	88	static
../Core/Src/main.c:217:13:MX_ADC1_Init	24	static
../Core/Src/main.c:274:13:MX_TIM1_Init	80	static
../Core/Src/main.c:337:13:MX_TIM2_Init	32	static
../Core/Src/main.c:379:13:MX_TIM5_Init	56	static
../Core/Src/main.c:426:13:MX_USART2_UART_Init	8	static
../Core/Src/main.c:455:13:MX_DMA_Init	16	static
../Core/Src/main.c:472:13:MX_GPIO_Init	48	static
../Core/Src/main.c:530:6:HAL_TIM_PeriodElapsedCallback	16	static
../Core/Src/main.c:539:6:setMotor	8	static
../Core/Src/main.c:548:6:readEncoder	4	static
../Core/Src/main.c:551:6:positionControl	4	static
../Core/Src/main.c:555:6:velocityControl	4	static
../Core/Src/main.c:560:6:handleJoystick	4	static
../Core/Src/main.c:580:6:buttonHandle	8	static
../Core/Src/main.c:602:6:HAL_ADC_ConvCallback	16	static
../Core/Src/main.c:611:6:Error_Handler	4	static,ignoring_inline_asm
