../Core/Src/main.c:248:5:main	8	static
../Core/Src/main.c:319:6:SystemClock_Config	88	static
../Core/Src/main.c:363:13:MX_ADC1_Init	24	static
../Core/Src/main.c:420:13:MX_TIM1_Init	80	static
../Core/Src/main.c:483:13:MX_TIM2_Init	32	static
../Core/Src/main.c:525:13:MX_TIM3_Init	32	static
../Core/Src/main.c:567:13:MX_TIM5_Init	56	static
../Core/Src/main.c:614:13:MX_TIM11_Init	40	static
../Core/Src/main.c:659:13:MX_USART2_UART_Init	8	static
../Core/Src/main.c:688:13:MX_DMA_Init	16	static
../Core/Src/main.c:709:13:MX_GPIO_Init	48	static
../Core/Src/main.c:779:6:HAL_TIM_PeriodElapsedCallback	16	static
../Core/Src/main.c:802:6:setMotor	8	static
../Core/Src/main.c:811:6:readEncoder	4	static
../Core/Src/main.c:815:6:cascadePIDControl	4	static
../Core/Src/main.c:820:7:positionLoop	24	static
../Core/Src/main.c:836:6:velocityLoop	24	static
../Core/Src/main.c:855:6:onlyPositionControl	40	static
../Core/Src/main.c:884:6:handleJoystick	4	static
../Core/Src/main.c:904:6:handleJoystick2	4	static
../Core/Src/main.c:924:6:buttonInput	16	static
../Core/Src/main.c:946:6:buttonLogic	16	static
../Core/Src/main.c:1008:6:jogMode	8	static
../Core/Src/main.c:1014:6:photoDetect	8	static
../Core/Src/main.c:1020:17:trapezoidalTraj	112	static
../Core/Src/main.c:1107:6:calibrateTray	104	static
../Core/Src/main.c:1177:7:rotatePoint	72	static
../Core/Src/main.c:1195:6:robotArmState	16	static
../Core/Src/main.c:1210:6:writeYAxisToBaseSys	4	static
../Core/Src/main.c:1216:6:setHome	16	static
../Core/Src/main.c:1258:6:HAL_ADC_ConvCallback	16	static
../Core/Src/main.c:1263:7:kalmanFilter	24	static
../Core/Src/main.c:1270:6:kalmanLap	8	static
../Core/Src/main.c:1282:6:Error_Handler	4	static,ignoring_inline_asm
