../Core/Src/main.c:119:5:main	8	static
../Core/Src/main.c:177:6:SystemClock_Config	88	static
../Core/Src/main.c:224:13:MX_ADC1_Init	24	static
../Core/Src/main.c:285:13:MX_TIM1_Init	80	static
../Core/Src/main.c:350:13:MX_TIM2_Init	32	static
../Core/Src/main.c:395:13:MX_TIM5_Init	56	static
../Core/Src/main.c:444:13:MX_USART2_UART_Init	8	static
../Core/Src/main.c:475:13:MX_DMA_Init	16	static
../Core/Src/main.c:493:13:MX_GPIO_Init	48	static
../Core/Src/main.c:555:6:HAL_TIM_PeriodElapsedCallback	16	static
../Core/Src/main.c:564:6:setMotor	8	static
../Core/Src/main.c:573:6:readEncoder	4	static
../Core/Src/main.c:576:6:positionControl	4	static
../Core/Src/main.c:580:6:velocityControl	4	static
../Core/Src/main.c:585:6:handleJoystick	4	static
../Core/Src/main.c:605:6:buttonHandle	8	static
../Core/Src/main.c:627:6:photoDetect	8	static
../Core/Src/main.c:631:6:HAL_ADC_ConvCallback	16	static
../Core/Src/main.c:640:6:Error_Handler	4	static,ignoring_inline_asm
