../Core/Src/main.c:348:5:main	16	static
../Core/Src/main.c:460:6:SystemClock_Config	88	static
../Core/Src/main.c:504:13:MX_ADC1_Init	24	static
../Core/Src/main.c:561:13:MX_I2C2_Init	8	static
../Core/Src/main.c:593:13:MX_TIM1_Init	80	static
../Core/Src/main.c:656:13:MX_TIM2_Init	32	static
../Core/Src/main.c:698:13:MX_TIM3_Init	32	static
../Core/Src/main.c:740:13:MX_TIM5_Init	56	static
../Core/Src/main.c:787:13:MX_TIM11_Init	40	static
../Core/Src/main.c:832:13:MX_USART2_UART_Init	8	static
../Core/Src/main.c:861:13:MX_DMA_Init	16	static
../Core/Src/main.c:882:13:MX_GPIO_Init	48	static
../Core/Src/main.c:969:6:HAL_TIM_PeriodElapsedCallback	24	static
../Core/Src/main.c:1003:6:runTrayMode	8	static
../Core/Src/main.c:1095:6:endEffectorPick	8	static
../Core/Src/main.c:1126:6:endEffectorPlace	8	static
../Core/Src/main.c:1162:6:setMotor	8	static
../Core/Src/main.c:1171:6:readEncoder	4	static
../Core/Src/main.c:1176:6:setHome	8	static
../Core/Src/main.c:1219:6:cascadePIDControl	4	static
../Core/Src/main.c:1224:7:positionLoop	24	static
../Core/Src/main.c:1237:6:velocityLoop	24	static
../Core/Src/main.c:1256:6:onlyPositionControl	40	static
../Core/Src/main.c:1318:6:onlyPositionControlPointMode	40	static
../Core/Src/main.c:1348:6:jogAxisY	8	static
../Core/Src/main.c:1451:6:photoDetect	8	static
../Core/Src/main.c:1457:17:trapezoidalTraj	120	static
../Core/Src/main.c:1571:6:calibrateTray	104	static
../Core/Src/main.c:1624:7:rotatePoint	72	static
../Core/Src/main.c:1642:6:buttonInput	16	static
../Core/Src/main.c:1667:6:buttonLogic	40	static
../Core/Src/main.c:1755:6:joyDisplayLED	8	static
../Core/Src/main.c:1771:6:robotArmState	16	static
../Core/Src/main.c:1843:6:jogAxisX	4	static
../Core/Src/main.c:1858:6:HAL_ADC_ConvCallback	16	static
../Core/Src/main.c:1862:6:handleEmergency	8	static
../Core/Src/main.c:1869:6:pilotLamp	16	static
../Core/Src/main.c:1874:6:endEffectorControl	32	static
../Core/Src/main.c:1935:6:endEffectorStatusControl	16	static
../Core/Src/main.c:1988:6:Error_Handler	4	static,ignoring_inline_asm
