../Core/Src/main.c:337:5:main	16	static
../Core/Src/main.c:438:6:SystemClock_Config	88	static
../Core/Src/main.c:482:13:MX_ADC1_Init	24	static
../Core/Src/main.c:539:13:MX_I2C2_Init	8	static
../Core/Src/main.c:571:13:MX_TIM1_Init	80	static
../Core/Src/main.c:634:13:MX_TIM2_Init	32	static
../Core/Src/main.c:676:13:MX_TIM3_Init	32	static
../Core/Src/main.c:718:13:MX_TIM5_Init	56	static
../Core/Src/main.c:765:13:MX_TIM11_Init	40	static
../Core/Src/main.c:810:13:MX_USART2_UART_Init	8	static
../Core/Src/main.c:839:13:MX_DMA_Init	16	static
../Core/Src/main.c:860:13:MX_GPIO_Init	48	static
../Core/Src/main.c:947:6:HAL_TIM_PeriodElapsedCallback	24	static
../Core/Src/main.c:980:6:runTrayMode	8	static
../Core/Src/main.c:1054:6:endEffectorPick	8	static
../Core/Src/main.c:1099:6:endEffectorPlace	8	static
../Core/Src/main.c:1143:6:setMotor	8	static
../Core/Src/main.c:1152:6:readEncoder	4	static
../Core/Src/main.c:1157:6:setHome	8	static
../Core/Src/main.c:1200:6:cascadePIDControl	4	static
../Core/Src/main.c:1205:7:positionLoop	24	static
../Core/Src/main.c:1218:6:velocityLoop	24	static
../Core/Src/main.c:1237:6:onlyPositionControl	40	static
../Core/Src/main.c:1284:6:jogAxisY	8	static
../Core/Src/main.c:1306:6:photoDetect	8	static
../Core/Src/main.c:1312:17:trapezoidalTraj	120	static
../Core/Src/main.c:1426:6:calibrateTray	88	static
../Core/Src/main.c:1479:7:rotatePoint	72	static
../Core/Src/main.c:1497:6:buttonInput	16	static
../Core/Src/main.c:1522:6:buttonLogic	72	static
../Core/Src/main.c:1605:6:joyDisplayLED	8	static
../Core/Src/main.c:1621:6:robotArmState	16	static
../Core/Src/main.c:1691:6:jogAxisX	4	static
../Core/Src/main.c:1706:6:HAL_ADC_ConvCallback	16	static
../Core/Src/main.c:1710:6:handleEmergency	8	static
../Core/Src/main.c:1717:6:pilotLamp	16	static
../Core/Src/main.c:1722:6:endEffectorControl	32	static
../Core/Src/main.c:1779:6:endEffectorStatusControl	16	static
../Core/Src/main.c:1831:6:Error_Handler	4	static,ignoring_inline_asm
