../Core/Src/main.c:267:5:main	8	static
../Core/Src/main.c:337:6:SystemClock_Config	88	static
../Core/Src/main.c:381:13:MX_ADC1_Init	24	static
../Core/Src/main.c:438:13:MX_TIM1_Init	80	static
../Core/Src/main.c:501:13:MX_TIM2_Init	32	static
../Core/Src/main.c:543:13:MX_TIM3_Init	32	static
../Core/Src/main.c:585:13:MX_TIM5_Init	56	static
../Core/Src/main.c:632:13:MX_TIM11_Init	40	static
../Core/Src/main.c:677:13:MX_USART2_UART_Init	8	static
../Core/Src/main.c:706:13:MX_DMA_Init	16	static
../Core/Src/main.c:727:13:MX_GPIO_Init	48	static
../Core/Src/main.c:797:6:HAL_TIM_PeriodElapsedCallback	24	static
../Core/Src/main.c:821:6:setMotor	8	static
../Core/Src/main.c:830:6:readEncoder	4	static
../Core/Src/main.c:835:6:setHome	8	static
../Core/Src/main.c:874:6:cascadePIDControl	4	static
../Core/Src/main.c:879:7:positionLoop	24	static
../Core/Src/main.c:892:6:velocityLoop	24	static
../Core/Src/main.c:911:6:onlyPositionControl	40	static
../Core/Src/main.c:937:6:jogAxisY	4	static
../Core/Src/main.c:957:6:photoDetect	8	static
../Core/Src/main.c:963:17:trapezoidalTraj	128	static
../Core/Src/main.c:1061:6:calibrateTray	88	static
../Core/Src/main.c:1114:7:rotatePoint	72	static
../Core/Src/main.c:1132:6:buttonInput	16	static
../Core/Src/main.c:1157:6:buttonLogic	16	static
../Core/Src/main.c:1235:6:joyStatusLED	8	static
../Core/Src/main.c:1240:6:joyStatusLED2	8	static
../Core/Src/main.c:1244:6:robotArmState	16	static
../Core/Src/main.c:1285:6:jogAxisX	4	static
../Core/Src/main.c:1300:6:HAL_ADC_ConvCallback	16	static
../Core/Src/main.c:1324:6:Error_Handler	4	static,ignoring_inline_asm
