../Core/Src/main.c:92:5:main	8	static
../Core/Src/main.c:149:6:SystemClock_Config	88	static
../Core/Src/main.c:196:13:MX_I2C1_Init	8	static
../Core/Src/main.c:230:13:MX_TIM1_Init	80	static
../Core/Src/main.c:295:13:MX_TIM2_Init	32	static
../Core/Src/main.c:340:13:MX_TIM5_Init	56	static
../Core/Src/main.c:389:13:MX_USART2_UART_Init	8	static
../Core/Src/main.c:422:13:MX_GPIO_Init	48	static
../Core/Src/main.c:465:6:HAL_TIM_PeriodElapsedCallback	16	static
../Core/Src/main.c:472:6:setMotor	8	static
../Core/Src/main.c:481:6:readEncoder	4	static
../Core/Src/main.c:484:6:positionControl	4	static
../Core/Src/main.c:488:6:velocityControl	4	static
../Core/Src/main.c:498:6:Error_Handler	4	static,ignoring_inline_asm
